<html>
<body>
<pre>
<h1>礦ision Build Log</h1>
<h2>Tool Versions:</h2>
IDE-Version: μVision V5.14.0.0
Copyright (C) 2015 ARM Ltd and ARM Germany GmbH. All rights reserved.
License Information: alientek ALIENTEK, alientek, LIC=MPP8T-R974G-SYWVA-1SRDK-86HJ6-X5QQ9
 
Tool Versions:
Toolchain:       MDK-ARM Standard  Version: 5.14.0.0
Toolchain Path:  D:\MDK5\ARM\ARMCC\Bin
C Compiler:      Armcc.exe V5.05 update 1 (build 106)
Assembler:       Armasm.exe V5.05 update 1 (build 106)
Linker/Locator:  ArmLink.exe V5.05 update 1 (build 106)
Library Manager: ArmAr.exe V5.05 update 1 (build 106)
Hex Converter:   FromElf.exe V5.05 update 1 (build 106)
CPU DLL:         SARMCM3.DLL V5.14.0.0
Dialog DLL:      DARMSTM.DLL V1.65.0.0
Target DLL:      Segger\JL2CM3.dll V2.99.13.0
Dialog DLL:      TARMSTM.DLL V1.64.0.0
 
<h2>Project:</h2>
C:\Users\asua2\Desktop\智能锁板子 - 副本\智能锁（2019-4-19-指纹与密码开锁修改密码添加指纹基本改好并且删除了不需要的部分+键盘按键不需要多次按键就可以触发）\智能锁（2019-04-1-整体框架已改好）\USER\OLED.uvprojx
Project File Date:  09/06/2019

<h2>Output:</h2>
Build target 'OLED'
compiling main.c...
linking...
Program Size: Code=27356 RO-data=8512 RW-data=320 ZI-data=8744  
FromELF: creating hex file...
"..\OBJ\OLED.axf" - 0 Error(s), 0 Warning(s).

<h2>Collection of Component include folders:</h2>
  C:\Users\asua2\Desktop\智能锁板子 - 副本\智能锁（2019-4-19-指纹与密码开锁修改密码添加指纹基本改好并且删除了不需要的部分+键盘按键不需要多次按键就可以触发）\智能锁（2019-04-1-整体框架已改好）\USER\RTE
  D:\MDK5\ARM\PACK\Keil\STM32F1xx_DFP\1.0.5\Device\Include

<h2>Collection of Component Files used:</h2>
</pre>
</body>
</html>
