Component: ARM Compiler 5.05 update 1 (build 106) Tool: armlink [4d0efa]

==============================================================================

Section Cross References

    main.o(.text) refers to system_stm32f10x.o(.text) for SystemInit
    main.o(.text) refers to delay.o(.text) for delay_init
    main.o(.text) refers to misc.o(.text) for NVIC_PriorityGroupConfig
    main.o(.text) refers to led.o(.text) for L620_CONTROLInit
    main.o(.text) refers to oled.o(.text) for OLED_Init
    main.o(.text) refers to wkup.o(.text) for WKUP_Init
    main.o(.text) refers to usart.o(.text) for USART1_Int
    main.o(.text) refers to usart3.o(.text) for usart3Init
    main.o(.text) refers to uart4.o(.text) for uart4Init
    main.o(.text) refers to key.o(.text) for KEY_Init
    main.o(.text) refers to time.o(.text) for TIM4_Int_Init
    main.o(.text) refers to l620.o(.text) for Clear_Buffer
    main.o(.text) refers to rtc.o(.text) for RTC_Init
    main.o(.text) refers to stmflash.o(.text) for STMFLASH_Write
    main.o(.text) refers to nfc.o(.text) for nfc_WakeUp
    main.o(.text) refers to id1016b.o(.text) for fingerDetect
    main.o(.text) refers to break.o(.text) for Mima_kaisuo
    main.o(.text) refers to l620.o(.data) for pSend
    main.o(.text) refers to main.o(.data) for timebuffer
    main.o(.text) refers to rtc.o(.bss) for calendar
    main.o(.text) refers to break.o(.data) for addr
    main.o(.text) refers to key.o(.data) for t
    system_stm32f10x.o(.text) refers to system_stm32f10x.o(.data) for SystemCoreClock
    led.o(.text) refers to stm32f10x_rcc.o(.text) for RCC_APB2PeriphClockCmd
    led.o(.text) refers to stm32f10x_gpio.o(.text) for GPIO_Init
    oled.o(.text) refers to stm32f10x_gpio.o(.text) for GPIO_Write
    oled.o(.text) refers to oled.o(.bss) for OLED_GRAM
    oled.o(.text) refers to oled.o(.constdata) for asc2_1206
    oled.o(.text) refers to stm32f10x_rcc.o(.text) for RCC_APB2PeriphClockCmd
    oled.o(.text) refers to delay.o(.text) for delay_ms
    stmflash.o(.text) refers to stm32f10x_flash.o(.text) for FLASH_ProgramHalfWord
    stmflash.o(.text) refers to stmflash.o(.bss) for STMFLASH_BUF
    break.o(.text) refers to usart.o(.text) for UART1_Send_char
    break.o(.text) refers to nfc.o(.text) for nfc_detect
    break.o(.text) refers to stmflash.o(.text) for STMFLASH_Read
    break.o(.text) refers to delay.o(.text) for delay_ms
    break.o(.text) refers to oled.o(.text) for OLED_ShowString
    break.o(.text) refers to key.o(.text) for keyScan
    break.o(.text) refers to rtc.o(.text) for PasswordTime1
    break.o(.text) refers to main.o(.bss) for table3
    break.o(.text) refers to main.o(.data) for table4
    break.o(.text) refers to break.o(.data) for Flag
    break.o(.text) refers to l620.o(.data) for Usercount
    break.o(.text) refers to break.o(.bss) for tempdata
    break.o(.text) refers to id1016b.o(.text) for fingerDetect
    break.o(.text) refers to usart3.o(.text) for Uart3_SendCmdStr
    break.o(.text) refers to l620.o(.text) for L620Match
    break.o(.text) refers to stm32f10x_tim.o(.text) for TIM_Cmd
    break.o(.text) refers to usart3.o(.bss) for RxBuffer
    nfc.o(.text) refers to stm32f10x_usart.o(.text) for USART_SendData
    nfc.o(.text) refers to delay.o(.text) for delay_ms
    nfc.o(.text) refers to usart.o(.bss) for USART2_RX_BUF
    nfc.o(.text) refers to usart.o(.data) for RxCount2
    usart3.o(.text) refers to stm32f10x_usart.o(.text) for USART_GetFlagStatus
    usart3.o(.text) refers to stm32f10x_rcc.o(.text) for RCC_APB1PeriphClockCmd
    usart3.o(.text) refers to stm32f10x_gpio.o(.text) for GPIO_Init
    usart3.o(.text) refers to misc.o(.text) for NVIC_Init
    usart3.o(.text) refers to usart3.o(.data) for RxCounter
    usart3.o(.text) refers to usart3.o(.bss) for RxBuffer
    key.o(.text) refers to stm32f10x_rcc.o(.text) for RCC_APB2PeriphClockCmd
    key.o(.text) refers to stm32f10x_gpio.o(.text) for GPIO_Init
    key.o(.text) refers to delay.o(.text) for delay_ms
    key.o(.text) refers to key.o(.data) for key_up
    button.o(.text) refers to stm32f10x_rcc.o(.text) for RCC_APB2PeriphClockCmd
    button.o(.text) refers to stm32f10x_gpio.o(.text) for GPIO_Init
    button.o(.text) refers to delay.o(.text) for delay_ms
    button.o(.text) refers to button.o(.data) for key_up
    as608.o(.text) refers to _printf_percent.o(.ARM.Collect$$_printf_percent$$00000000) for _printf_percent
    as608.o(.text) refers to _printf_s.o(.ARM.Collect$$_printf_percent$$00000014) for _printf_s
    as608.o(.text) refers to _printf_str.o(.text) for _printf_str
    as608.o(.text) refers to _printf_d.o(.ARM.Collect$$_printf_percent$$00000009) for _printf_d
    as608.o(.text) refers to _printf_dec.o(.text) for _printf_int_dec
    as608.o(.text) refers to _printf_x.o(.ARM.Collect$$_printf_percent$$0000000C) for _printf_x
    as608.o(.text) refers to _printf_hex_int.o(.text) for _printf_longlong_hex
    as608.o(.text) refers to stm32f10x_rcc.o(.text) for RCC_APB2PeriphClockCmd
[...]
    .text                                    0x08000228   Section        0  main.o(.text)
    .text                                    0x08000694   Section        0  stm32f10x_it.o(.text)
    .text                                    0x080006b0   Section        0  system_stm32f10x.o(.text)
    SetSysClockTo72                          0x080006b1   Thumb Code   214  system_stm32f10x.o(.text)
    SetSysClock                              0x08000787   Thumb Code     8  system_stm32f10x.o(.text)
    .text                                    0x08000890   Section        0  led.o(.text)
    .text                                    0x08000914   Section        0  oled.o(.text)
    .text                                    0x08001364   Section        0  stmflash.o(.text)
    .text                                    0x080014a8   Section        0  break.o(.text)
    .text                                    0x08001dcc   Section        0  nfc.o(.text)
    .text                                    0x08002090   Section        0  usart3.o(.text)
    .text                                    0x08002224   Section        0  key.o(.text)
    .text                                    0x080023d0   Section        0  time.o(.text)
    .text                                    0x08002984   Section        0  l620.o(.text)
    .text                                    0x08003058   Section        0  rtc.o(.text)
    RTC_NVIC_Config                          0x08003059   Thumb Code    32  rtc.o(.text)
    .text                                    0x08003554   Section        0  uart4.o(.text)
    .text                                    0x080036ac   Section        0  id1016b.o(.text)
    .text                                    0x08003f24   Section        0  wkup.o(.text)
    .text                                    0x08004014   Section        0  delay.o(.text)
    .text                                    0x08004108   Section        0  usart.o(.text)
    .text                                    0x08004464   Section       64  startup_stm32f10x_hd.o(.text)
    .text                                    0x080044a4   Section        0  misc.o(.text)
    .text                                    0x08004580   Section        0  stm32f10x_gpio.o(.text)
    .text                                    0x080048dc   Section        0  stm32f10x_rcc.o(.text)
    .text                                    0x08004c80   Section        0  stm32f10x_usart.o(.text)
    .text                                    0x08005088   Section        0  stm32f10x_flash.o(.text)
    .text                                    0x08005644   Section        0  stm32f10x_tim.o(.text)
    TI4_Config                               0x08005aeb   Thumb Code   130  stm32f10x_tim.o(.text)
    TI3_Config                               0x08005b7f   Thumb Code   122  stm32f10x_tim.o(.text)
    TI2_Config                               0x08005c13   Thumb Code   130  stm32f10x_tim.o(.text)
    TI1_Config                               0x08005ca7   Thumb Code   108  stm32f10x_tim.o(.text)
    .text                                    0x08006460   Section        0  stm32f10x_rtc.o(.text)
    .text                                    0x080065a8   Section        0  stm32f10x_bkp.o(.text)
    .text                                    0x0800666c   Section        0  stm32f10x_pwr.o(.text)
    .text                                    0x08006738   Section        0  stm32f10x_exti.o(.text)
    .text                                    0x08006854   Section        2  use_no_semi_2.o(.text)
    .text                                    0x08006856   Section        0  toupper.o(.text)
    .text                                    0x08006874   Section        0  noretval__2printf.o(.text)
    .text                                    0x0800688c   Section        0  __printf.o(.text)
    .text                                    0x080068f4   Section        0  _printf_dec.o(.text)
    .text                                    0x0800696c   Section      100  rt_memcpy_w.o(.text)
    .text                                    0x080069d0   Section        0  heapauxi.o(.text)
    .text                                    0x080069d6   Section        2  use_no_semi.o(.text)
    .text                                    0x080069d8   Section       16  rt_ctype_table.o(.text)
    .text                                    0x080069e8   Section        0  _printf_intcommon.o(.text)
    .text                                    0x08006a9c   Section        0  _printf_char_file.o(.text)
    .text                                    0x08006ac0   Section        8  rt_locale_intlibspace.o(.text)
    .text                                    0x08006ac8   Section        0  _printf_char_common.o(.text)
    _printf_input_char                       0x08006ac9   Thumb Code    10  _printf_char_common.o(.text)
    .text                                    0x08006af8   Section        0  ferror.o(.text)
    .text                                    0x08006b00   Section        8  libspace.o(.text)
    .text                                    0x08006b08   Section       74  sys_stackheap_outer.o(.text)
    .text                                    0x08006b52   Section        0  exit.o(.text)
    .text                                    0x08006b60   Section      128  strcmpv7m.o(.text)
    locale$$code                             0x08006be0   Section       44  lc_ctype_c.o(locale$$code)
    .constdata                               0x08006c0c   Section     7880  oled.o(.constdata)
    .constdata                               0x08008ad4   Section       24  rtc.o(.constdata)
    locale$$data                             0x08008b0c   Section      272  lc_ctype_c.o(locale$$data)
    __lcctype_c_name                         0x08008b10   Data           2  lc_ctype_c.o(locale$$data)
    __lcctype_c_start                        0x08008b18   Data           0  lc_ctype_c.o(locale$$data)
    __lcctype_c_end                          0x08008c1c   Data           0  lc_ctype_c.o(locale$$data)
    .data                                    0x20000000   Section       62  main.o(.data)
    .data                                    0x20000040   Section       20  system_stm32f10x.o(.data)
    .data                                    0x20000054   Section       28  break.o(.data)
    .data                                    0x20000070   Section       15  usart3.o(.data)
    .data                                    0x2000007f   Section        3  key.o(.data)
    key_up                                   0x20000081   Data           1  key.o(.data)
    .data                                    0x20000082   Section        8  time.o(.data)
    .data                                    0x2000008a   Section      142  l620.o(.data)
    .data                                    0x20000118   Section        2  rtc.o(.data)
    daycnt                                   0x20000118   Data           2  rtc.o(.data)
    .data                                    0x2000011a   Section        1  uart4.o(.data)
    .data                                    0x2000011c   Section        4  delay.o(.data)
    fac_us                                   0x2000011c   Data           1  delay.o(.data)
    fac_ms                                   0x2000011e   Data           2  delay.o(.data)
    .data                                    0x20000120   Section       10  usart.o(.data)
    .data                                    0x2000012a   Section       20  stm32f10x_rcc.o(.data)
    APBAHBPrescTable                         0x2000012a   Data          16  stm32f10x_rcc.o(.data)
    ADCPrescTable                            0x2000013a   Data           4  stm32f10x_rcc.o(.data)
    .bss                                     0x20000140   Section       40  main.o(.bss)
    .bss                                     0x20000168   Section     1024  oled.o(.bss)
    .bss                                     0x20000568   Section     2048  stmflash.o(.bss)
    .bss                                     0x20000d68   Section       29  break.o(.bss)
    .bss                                     0x20000d85   Section     1300  usart3.o(.bss)
    .bss                                     0x20001299   Section     1600  time.o(.bss)
    .bss                                     0x200018da   Section       10  rtc.o(.bss)
    .bss                                     0x200018e4   Section       50  uart4.o(.bss)
    .bss                                     0x20001916   Section        9  id1016b.o(.bss)
    .bss                                     0x2000191f   Section     1000  usart.o(.bss)
    .bss                                     0x20001d08   Section       96  libspace.o(.bss)
    HEAP                                     0x20001d68   Section      512  startup_stm32f10x_hd.o(HEAP)
    Heap_Mem                                 0x20001d68   Data         512  startup_stm32f10x_hd.o(HEAP)
    STACK                                    0x20001f68   Section     1024  startup_stm32f10x_hd.o(STACK)
    Stack_Mem                                0x20001f68   Data        1024  startup_stm32f10x_hd.o(STACK)
    __initial_sp                             0x20002368   Data           0  startup_stm32f10x_hd.o(STACK)

    Global Symbols

    Symbol Name                              Value     Ov Type        Size  Object(Section)

    BuildAttributes$$THM_ISAv4$P$D$K$B$S$PE$A:L22UL41UL21$X:L11$S22US41US21$IEEE1$IW$USESV6$~STKCKD$USESV7$~SHL$OSPACE$ROPI$EBA8$UX$STANDARDLIB$REQ8$PRES8$EABIv2 0x00000000   Number         0  anon$$obj.o ABSOLUTE
    __ARM_use_no_argv                        0x00000000   Number         0  main.o ABSOLUTE
    __ARM_exceptions_init                     - Undefined Weak Reference
    __alloca_initialize                       - Undefined Weak Reference
    __arm_preinit_                            - Undefined Weak Reference
    __cpp_initialize__aeabi_                  - Undefined Weak Reference
    __cxa_finalize                            - Undefined Weak Reference
    __sigvec_lookup                           - Undefined Weak Reference
    _atexit_init                              - Undefined Weak Reference
    _call_atexit_fns                          - Undefined Weak Reference
    _clock_init                               - Undefined Weak Reference
    _fp_trap_init                             - Undefined Weak Reference
    _fp_trap_shutdown                         - Undefined Weak Reference
    _get_lc_collate                           - Undefined Weak Reference
    _get_lc_monetary                          - Undefined Weak Reference
    _get_lc_numeric                           - Undefined Weak Reference
    _get_lc_time                              - Undefined Weak Reference
    _getenv_init                              - Undefined Weak Reference
    _handle_redirection                       - Undefined Weak Reference
    _init_alloc                               - Undefined Weak Reference
    _init_user_alloc                          - Undefined Weak Reference
    _initio                                   - Undefined Weak Reference
    _mutex_acquire                            - Undefined Weak Reference
    _mutex_release                            - Undefined Weak Reference
    _printf_mbtowc                            - Undefined Weak Reference
    _printf_post_padding                      - Undefined Weak Reference
    _printf_pre_padding                       - Undefined Weak Reference
    _printf_truncate_signed                   - Undefined Weak Reference
    _printf_truncate_unsigned                 - Undefined Weak Reference
    _rand_init                                - Undefined Weak Reference
    _signal_finish                            - Undefined Weak Reference
    _signal_init                              - Undefined Weak Reference
    _terminate_alloc                          - Undefined Weak Reference
    _terminate_user_alloc                     - Undefined Weak Reference
    _terminateio                              - Undefined Weak Reference
    __Vectors_Size                           0x00000130   Number         0  startup_stm32f10x_hd.o ABSOLUTE
    __Vectors                                0x08000000   Data           4  startup_stm32f10x_hd.o(RESET)
    __Vectors_End                            0x08000130   Data           0  startup_stm32f10x_hd.o(RESET)
    __main                                   0x08000131   Thumb Code     8  __main.o(!!!main)
    __scatterload                            0x08000139   Thumb Code     0  __scatter.o(!!!scatter)
    __scatterload_rt2                        0x08000139   Thumb Code    44  __scatter.o(!!!scatter)
    __scatterload_rt2_thumb_only             0x08000139   Thumb Code     0  __scatter.o(!!!scatter)
    __scatterload_null                       0x08000147   Thumb Code     0  __scatter.o(!!!scatter)
    __decompress                             0x0800016d   Thumb Code    90  __dczerorl2.o(!!dczerorl2)
    __decompress1                            0x0800016d   Thumb Code     0  __dczerorl2.o(!!dczerorl2)
    __scatterload_zeroinit                   0x080001c9   Thumb Code    28  __scatter_zi.o(!!handler_zi)
    _printf_d                                0x080001e5   Thumb Code     0  _printf_d.o(.ARM.Collect$$_printf_percent$$00000009)
    _printf_percent                          0x080001e5   Thumb Code     0  _printf_percent.o(.ARM.Collect$$_printf_percent$$00000000)
    _printf_percent_end                      0x080001eb   Thumb Code     0  _printf_percent_end.o(.ARM.Collect$$_printf_percent$$00000017)
    __rt_lib_init                            0x080001ef   Thumb Code     0  libinit.o(.ARM.Collect$$libinit$$00000000)
    __rt_lib_init_fp_1                       0x080001f1   Thumb Code     0  libinit2.o(.ARM.Collect$$libinit$$00000002)
    __rt_lib_init_heap_1                     0x080001f1   Thumb Code     0  libinit2.o(.ARM.Collect$$libinit$$0000000A)
    __rt_lib_init_lc_common                  0x080001f1   Thumb Code     0  libinit2.o(.ARM.Collect$$libinit$$0000000F)
    __rt_lib_init_preinit_1                  0x080001f1   Thumb Code     0  libinit2.o(.ARM.Collect$$libinit$$00000004)
    __rt_lib_init_rand_1                     0x080001f1   Thumb Code     0  libinit2.o(.ARM.Collect$$libinit$$0000000E)
    __rt_lib_init_user_alloc_1               0x080001f1   Thumb Code     0  libinit2.o(.ARM.Collect$$libinit$$0000000C)
    __rt_lib_init_lc_collate_1               0x080001f7   Thumb Code     0  libinit2.o(.ARM.Collect$$libinit$$00000011)
    __rt_lib_init_lc_ctype_2                 0x080001f7   Thumb Code     0  libinit2.o(.ARM.Collect$$libinit$$00000012)
    __rt_lib_init_alloca_1                   0x08000203   Thumb Code     0  libinit2.o(.ARM.Collect$$libinit$$0000002E)
    __rt_lib_init_argv_1                     0x08000203   Thumb Code     0  libinit2.o(.ARM.Collect$$libinit$$0000002C)
    __rt_lib_init_atexit_1                   0x08000203   Thumb Code     0  libinit2.o(.ARM.Collect$$libinit$$0000001B)
    __rt_lib_init_clock_1                    0x08000203   Thumb Code     0  libinit2.o(.ARM.Collect$$libinit$$00000021)
    __rt_lib_init_cpp_1                      0x08000203   Thumb Code     0  libinit2.o(.ARM.Collect$$libinit$$00000032)
    __rt_lib_init_exceptions_1               0x08000203   Thumb Code     0  libinit2.o(.ARM.Collect$$libinit$$00000030)
    __rt_lib_init_fp_trap_1                  0x08000203   Thumb Code     0  libinit2.o(.ARM.Collect$$libinit$$0000001F)
    __rt_lib_init_getenv_1                   0x08000203   Thumb Code     0  libinit2.o(.ARM.Collect$$libinit$$00000023)
    __rt_lib_init_lc_ctype_1                 0x08000203   Thumb Code     0  libinit2.o(.ARM.Collect$$libinit$$00000013)
    __rt_lib_init_lc_monetary_1              0x08000203   Thumb Code     0  libinit2.o(.ARM.Collect$$libinit$$00000015)
    __rt_lib_init_lc_numeric_1               0x08000203   Thumb Code     0  libinit2.o(.ARM.Collect$$libinit$$00000017)
    __rt_lib_init_lc_time_1                  0x08000203   Thumb Code     0  libinit2.o(.ARM.Collect$$libinit$$00000019)
    __rt_lib_init_return                     0x08000203   Thumb Code     0  libinit2.o(.ARM.Collect$$libinit$$00000033)
    __rt_lib_init_signal_1                   0x08000203   Thumb Code     0  libinit2.o(.ARM.Collect$$libinit$$0000001D)
    __rt_lib_init_stdio_1                    0x08000203   Thumb Code     0  libinit2.o(.ARM.Collect$$libinit$$00000025)
    __rt_lib_shutdown                        0x08000205   Thumb Code     0  libshutdown.o(.ARM.Collect$$libshutdown$$00000000)
    __rt_lib_shutdown_fp_trap_1              0x08000207   Thumb Code     0  libshutdown2.o(.ARM.Collect$$libshutdown$$00000006)
    __rt_lib_shutdown_heap_1                 0x08000207   Thumb Code     0  libshutdown2.o(.ARM.Collect$$libshutdown$$0000000E)
    __rt_lib_shutdown_return                 0x08000207   Thumb Code     0  libshutdown2.o(.ARM.Collect$$libshutdown$$0000000F)
    __rt_lib_shutdown_signal_1               0x08000207   Thumb Code     0  libshutdown2.o(.ARM.Collect$$libshutdown$$00000009)
    __rt_lib_shutdown_stdio_1                0x08000207   Thumb Code     0  libshutdown2.o(.ARM.Collect$$libshutdown$$00000003)
    __rt_lib_shutdown_user_alloc_1           0x08000207   Thumb Code     0  libshutdown2.o(.ARM.Collect$$libshutdown$$0000000B)
    __rt_entry                               0x08000209   Thumb Code     0  __rtentry.o(.ARM.Collect$$rtentry$$00000000)
    __rt_entry_presh_1                       0x08000209   Thumb Code     0  __rtentry2.o(.ARM.Collect$$rtentry$$00000002)
    __rt_entry_sh                            0x08000209   Thumb Code     0  __rtentry4.o(.ARM.Collect$$rtentry$$00000004)
    __rt_entry_li                            0x0800020f   Thumb Code     0  __rtentry2.o(.ARM.Collect$$rtentry$$0000000A)
    __rt_entry_postsh_1                      0x0800020f   Thumb Code     0  __rtentry2.o(.ARM.Collect$$rtentry$$00000009)
    __rt_entry_main                          0x08000213   Thumb Code     0  __rtentry2.o(.ARM.Collect$$rtentry$$0000000D)
    __rt_entry_postli_1                      0x08000213   Thumb Code     0  __rtentry2.o(.ARM.Collect$$rtentry$$0000000C)
    __rt_exit                                0x0800021b   Thumb Code     0  rtexit.o(.ARM.Collect$$rtexit$$00000000)
    __rt_exit_ls                             0x0800021d   Thumb Code     0  rtexit2.o(.ARM.Collect$$rtexit$$00000003)
    __rt_exit_prels_1                        0x0800021d   Thumb Code     0  rtexit2.o(.ARM.Collect$$rtexit$$00000002)
    __rt_exit_exit                           0x08000221   Thumb Code     0  rtexit2.o(.ARM.Collect$$rtexit$$00000004)
    main                                     0x08000229   Thumb Code   978  main.o(.text)
    NMI_Handler                              0x08000695   Thumb Code     2  stm32f10x_it.o(.text)
    HardFault_Handler                        0x08000697   Thumb Code     4  stm32f10x_it.o(.text)
    MemManage_Handler                        0x0800069b   Thumb Code     4  stm32f10x_it.o(.text)
    BusFault_Handler                         0x0800069f   Thumb Code     4  stm32f10x_it.o(.text)
    UsageFault_Handler                       0x080006a3   Thumb Code     4  stm32f10x_it.o(.text)
    SVC_Handler                              0x080006a7   Thumb Code     2  stm32f10x_it.o(.text)
    DebugMon_Handler                         0x080006a9   Thumb Code     2  stm32f10x_it.o(.text)
    PendSV_Handler                           0x080006ab   Thumb Code     2  stm32f10x_it.o(.text)
    SysTick_Handler                          0x080006ad   Thumb Code     2  stm32f10x_it.o(.text)
    SystemInit                               0x0800078f   Thumb Code    78  system_stm32f10x.o(.text)
    SystemCoreClockUpdate                    0x080007dd   Thumb Code   142  system_stm32f10x.o(.text)
    LED_Init                                 0x08000891   Thumb Code    46  led.o(.text)
    L620_CONTROLInit                         0x080008bf   Thumb Code    82  led.o(.text)
    OLED_WR_Byte                             0x08000915   Thumb Code    48  oled.o(.text)
    OLED_Refresh_Gram                        0x08000945   Thumb Code    70  oled.o(.text)
    OLED_Display_On                          0x0800098b   Thumb Code    28  oled.o(.text)
    OLED_Display_Off                         0x080009a7   Thumb Code    28  oled.o(.text)
    OLED_Clear                               0x080009c3   Thumb Code    42  oled.o(.text)
    OLED_DrawPoint                           0x080009ed   Thumb Code   100  oled.o(.text)
    OLED_Fill                                0x08000a51   Thumb Code    58  oled.o(.text)
    OLED_ShowChar                            0x08000a8b   Thumb Code   254  oled.o(.text)
    mypow                                    0x08000b89   Thumb Code    22  oled.o(.text)
    OLED_ShowNum                             0x08000b9f   Thumb Code   148  oled.o(.text)
    OLED_ShowString                          0x08000c33   Thumb Code    94  oled.o(.text)
    OLED_ShowChinese                         0x08000c91   Thumb Code   164  oled.o(.text)
    OLED_ShowChinese1                        0x08000d35   Thumb Code    74  oled.o(.text)
    OLED_ShowChinese2                        0x08000d7f   Thumb Code    74  oled.o(.text)
    OLED_ShowChinese3                        0x08000dc9   Thumb Code    60  oled.o(.text)
    OLED_ShowChinese4                        0x08000e05   Thumb Code    60  oled.o(.text)
    OLED_ShowChinese5                        0x08000e41   Thumb Code    74  oled.o(.text)
    OLED_ShowChinese6                        0x08000e8b   Thumb Code    74  oled.o(.text)
    OLED_ShowChinese7                        0x08000ed5   Thumb Code    60  oled.o(.text)
    OLED_ShowChinese8                        0x08000f11   Thumb Code    60  oled.o(.text)
    OLED_ShowChinese9                        0x08000f4d   Thumb Code    60  oled.o(.text)
    OLED_ShowChinese10                       0x08000f89   Thumb Code    60  oled.o(.text)
    OLED_ShowChinese11                       0x08000fc5   Thumb Code    60  oled.o(.text)
    OLED_ShowChinese12                       0x08001001   Thumb Code    74  oled.o(.text)
    OLED_ShowChinese13                       0x0800104b   Thumb Code    60  oled.o(.text)
    OLED_ShowChinese14                       0x08001087   Thumb Code    60  oled.o(.text)
    OLED_ShowChinese15                       0x080010c3   Thumb Code    60  oled.o(.text)
    OLED_ShowChinese16                       0x080010ff   Thumb Code    60  oled.o(.text)
    OLED_ShowChinese17                       0x0800113b   Thumb Code    60  oled.o(.text)
    OLED_ShowChinese18                       0x08001177   Thumb Code    60  oled.o(.text)
    OLED_ShowChinese19                       0x080011b3   Thumb Code    74  oled.o(.text)
    OLED_Init                                0x080011fd   Thumb Code   332  oled.o(.text)
    STMFLASH_ReadHalfWord                    0x08001365   Thumb Code     6  stmflash.o(.text)
    STMFLASH_Write_NoCheck                   0x0800136b   Thumb Code    38  stmflash.o(.text)
    STMFLASH_Read                            0x08001391   Thumb Code    34  stmflash.o(.text)
    STMFLASH_Write                           0x080013b3   Thumb Code   222  stmflash.o(.text)
    Test_Write                               0x08001491   Thumb Code    16  stmflash.o(.text)
    Match                                    0x080014a9   Thumb Code    76  break.o(.text)
    MATCH                                    0x080014f5   Thumb Code    16  break.o(.text)
    Permission                               0x08001505   Thumb Code   130  break.o(.text)
    Mima_kaisuo                              0x08001587   Thumb Code   412  break.o(.text)
    password                                 0x08001723   Thumb Code   690  break.o(.text)
    shuaka                                   0x080019d5   Thumb Code   262  break.o(.text)
    finger                                   0x08001adb   Thumb Code   490  break.o(.text)
    remote                                   0x08001cc5   Thumb Code    94  break.o(.text)
    SendData                                 0x08001dcd   Thumb Code    42  nfc.o(.text)
    CleanBuffer                              0x08001df7   Thumb Code    30  nfc.o(.text)
    nfc_WakeUp                               0x08001e15   Thumb Code   288  nfc.o(.text)
    nfc_InListPassiveTarget                  0x08001f35   Thumb Code   168  nfc.o(.text)
    nfc_detect                               0x08001fdd   Thumb Code   168  nfc.o(.text)
    UART3_sendcmd_byte                       0x08002091   Thumb Code    28  usart3.o(.text)
    UART1_sendcmd_byte                       0x080020ad   Thumb Code    28  usart3.o(.text)
    Uart1_SendCmdStr                         0x080020c9   Thumb Code    22  usart3.o(.text)
    Uart3_SendCmdStr                         0x080020df   Thumb Code    22  usart3.o(.text)
    UART3_senddata_byte                      0x080020f5   Thumb Code    28  usart3.o(.text)
    Uart3_SendDataStr                        0x08002111   Thumb Code    28  usart3.o(.text)
    usart3Init                               0x0800212d   Thumb Code   174  usart3.o(.text)
    USART3_IRQHandler                        0x080021db   Thumb Code    50  usart3.o(.text)
    KEY_Init                                 0x08002225   Thumb Code    80  key.o(.text)
    fingler                                  0x08002275   Thumb Code    46  key.o(.text)
    keyScan                                  0x080022a3   Thumb Code   288  key.o(.text)
    TIM2_Int_Init                            0x080023d1   Thumb Code   104  time.o(.text)
    TIM2_IRQHandler                          0x08002439   Thumb Code   364  time.o(.text)
    TIM3_Int_Init                            0x080025a5   Thumb Code    98  time.o(.text)
    TIM3_IRQHandler                          0x08002607   Thumb Code   378  time.o(.text)
    TIM7_Int_Init                            0x08002781   Thumb Code    90  time.o(.text)
    TIM7_IRQHandler                          0x080027db   Thumb Code    42  time.o(.text)
    TIM4_Int_Init                            0x08002805   Thumb Code   224  time.o(.text)
    TIM4_IRQHandler                          0x080028e5   Thumb Code   128  time.o(.text)
    Clear_Buffer                             0x08002985   Thumb Code    40  l620.o(.text)
    L620Match                                0x080029ad   Thumb Code    64  l620.o(.text)
    L620_Init                                0x080029ed   Thumb Code   422  l620.o(.text)
    strcpymessage                            0x08002b93   Thumb Code    24  l620.o(.text)
    getTime                                  0x08002bab   Thumb Code   250  l620.o(.text)
    receivedData                             0x08002ca5   Thumb Code    20  l620.o(.text)
    getUserMessage                           0x08002cb9   Thumb Code   418  l620.o(.text)
    delUserMessage                           0x08002e5b   Thumb Code   298  l620.o(.text)
    IPMessage                                0x08002f85   Thumb Code   148  l620.o(.text)
    Length                                   0x08003019   Thumb Code    20  l620.o(.text)
    RTC_Get_Week                             0x08003079   Thumb Code   116  rtc.o(.text)
    Is_Leap_Year                             0x080030ed   Thumb Code    58  rtc.o(.text)
    RTC_Get                                  0x08003127   Thumb Code   240  rtc.o(.text)
    RTC_Set                                  0x08003217   Thumb Code   184  rtc.o(.text)
    RTC_Init                                 0x080032cf   Thumb Code   202  rtc.o(.text)
    RTC_IRQHandler                           0x08003399   Thumb Code    76  rtc.o(.text)
    PasswordTime                             0x080033e5   Thumb Code    60  rtc.o(.text)
    FingerTime                               0x08003421   Thumb Code    60  rtc.o(.text)
    ShuakaTime                               0x0800345d   Thumb Code    60  rtc.o(.text)
    PasswordTime1                            0x08003499   Thumb Code    60  rtc.o(.text)
    FingerTime1                              0x080034d5   Thumb Code   128  rtc.o(.text)
    UART4_sendcmd_byte                       0x08003555   Thumb Code    28  uart4.o(.text)
    Uart4_SendCmdStr                         0x08003571   Thumb Code    22  uart4.o(.text)
    UART4_senddata_byte                      0x08003587   Thumb Code    28  uart4.o(.text)
    Uart4_SendDataStr                        0x080035a3   Thumb Code    34  uart4.o(.text)
    uart4Init                                0x080035c5   Thumb Code   166  uart4.o(.text)
    UART4_IRQHandler                         0x0800366b   Thumb Code    50  uart4.o(.text)
    cleanRx4Buffer                           0x080036ad   Thumb Code    26  id1016b.o(.text)
    id1016bMatch                             0x080036c7   Thumb Code    34  id1016b.o(.text)
    id1016bInit                              0x080036e9   Thumb Code    72  id1016b.o(.text)
    getImage                                 0x08003731   Thumb Code    64  id1016b.o(.text)
    fingerDetect                             0x08003771   Thumb Code    62  id1016b.o(.text)
    storeFinger                              0x080037af   Thumb Code   104  id1016b.o(.text)
    generateFinger0                          0x08003817   Thumb Code    64  id1016b.o(.text)
    generateFinger1                          0x08003857   Thumb Code    64  id1016b.o(.text)
    generateFinger2                          0x08003897   Thumb Code    64  id1016b.o(.text)
    mergeFinger                              0x080038d7   Thumb Code    64  id1016b.o(.text)
    addFinger                                0x08003917   Thumb Code   826  id1016b.o(.text)
    delAllFinger                             0x08003c51   Thumb Code    80  id1016b.o(.text)
    delSomeFinger                            0x08003ca1   Thumb Code   130  id1016b.o(.text)
    searchFinger                             0x08003d23   Thumb Code    78  id1016b.o(.text)
    getStatus                                0x08003d71   Thumb Code   104  id1016b.o(.text)
    HexToStr                                 0x08003dd9   Thumb Code    80  id1016b.o(.text)
    StrToHex                                 0x08003e29   Thumb Code    80  id1016b.o(.text)
    Sys_Standby                              0x08003f25   Thumb Code    22  wkup.o(.text)
    Sys_Enter_Standby                        0x08003f3b   Thumb Code    18  wkup.o(.text)
    Check_WKUP                               0x08003f4d   Thumb Code    72  wkup.o(.text)
    EXTI0_IRQHandler                         0x08003f95   Thumb Code    20  wkup.o(.text)
    WKUP_Init                                0x08003fa9   Thumb Code   102  wkup.o(.text)
    delay_init                               0x08004015   Thumb Code    50  delay.o(.text)
    delay_us                                 0x08004047   Thumb Code    72  delay.o(.text)
    delay_ms                                 0x0800408f   Thumb Code    78  delay.o(.text)
    delay_ns                                 0x080040dd   Thumb Code    26  delay.o(.text)
    _sys_exit                                0x08004109   Thumb Code     6  usart.o(.text)
    fputc                                    0x0800410f   Thumb Code    24  usart.o(.text)
    USART1_Int                               0x08004127   Thumb Code   192  usart.o(.text)
    USART2_Int                               0x080041e7   Thumb Code   212  usart.o(.text)
    USART2_IRQHandler                        0x080042bb   Thumb Code    50  usart.o(.text)
    UART1_Send_Str                           0x080042ed   Thumb Code    48  usart.o(.text)
    UART2_Send_Str                           0x0800431d   Thumb Code    42  usart.o(.text)
    UART1_Send_char                          0x08004347   Thumb Code    28  usart.o(.text)
    UART2_Send_char                          0x08004363   Thumb Code    28  usart.o(.text)
    Usart1_Send                              0x0800437f   Thumb Code    62  usart.o(.text)
    Usart2_Send                              0x080043bd   Thumb Code    56  usart.o(.text)
    USART1_IRQHandler                        0x080043f5   Thumb Code    74  usart.o(.text)
    Reset_Handler                            0x08004465   Thumb Code     8  startup_stm32f10x_hd.o(.text)
    ADC1_2_IRQHandler                        0x0800447f   Thumb Code     0  startup_stm32f10x_hd.o(.text)
    ADC3_IRQHandler                          0x0800447f   Thumb Code     0  startup_stm32f10x_hd.o(.text)
    CAN1_RX1_IRQHandler                      0x0800447f   Thumb Code     0  startup_stm32f10x_hd.o(.text)
    CAN1_SCE_IRQHandler                      0x0800447f   Thumb Code     0  startup_stm32f10x_hd.o(.text)
    DMA1_Channel1_IRQHandler                 0x0800447f   Thumb Code     0  startup_stm32f10x_hd.o(.text)
    DMA1_Channel2_IRQHandler                 0x0800447f   Thumb Code     0  startup_stm32f10x_hd.o(.text)
    DMA1_Channel3_IRQHandler                 0x0800447f   Thumb Code     0  startup_stm32f10x_hd.o(.text)
    DMA1_Channel4_IRQHandler                 0x0800447f   Thumb Code     0  startup_stm32f10x_hd.o(.text)
    DMA1_Channel5_IRQHandler                 0x0800447f   Thumb Code     0  startup_stm32f10x_hd.o(.text)
    DMA1_Channel6_IRQHandler                 0x0800447f   Thumb Code     0  startup_stm32f10x_hd.o(.text)
    DMA1_Channel7_IRQHandler                 0x0800447f   Thumb Code     0  startup_stm32f10x_hd.o(.text)
    DMA2_Channel1_IRQHandler                 0x0800447f   Thumb Code     0  startup_stm32f10x_hd.o(.text)
    DMA2_Channel2_IRQHandler                 0x0800447f   Thumb Code     0  startup_stm32f10x_hd.o(.text)
    DMA2_Channel3_IRQHandler                 0x0800447f   Thumb Code     0  startup_stm32f10x_hd.o(.text)
    DMA2_Channel4_5_IRQHandler               0x0800447f   Thumb Code     0  startup_stm32f10x_hd.o(.text)
    EXTI15_10_IRQHandler                     0x0800447f   Thumb Code     0  startup_stm32f10x_hd.o(.text)
    EXTI1_IRQHandler                         0x0800447f   Thumb Code     0  startup_stm32f10x_hd.o(.text)
    EXTI2_IRQHandler                         0x0800447f   Thumb Code     0  startup_stm32f10x_hd.o(.text)
    EXTI3_IRQHandler                         0x0800447f   Thumb Code     0  startup_stm32f10x_hd.o(.text)
    EXTI4_IRQHandler                         0x0800447f   Thumb Code     0  startup_stm32f10x_hd.o(.text)
    EXTI9_5_IRQHandler                       0x0800447f   Thumb Code     0  startup_stm32f10x_hd.o(.text)
    FLASH_IRQHandler                         0x0800447f   Thumb Code     0  startup_stm32f10x_hd.o(.text)
    FSMC_IRQHandler                          0x0800447f   Thumb Code     0  startup_stm32f10x_hd.o(.text)
    I2C1_ER_IRQHandler                       0x0800447f   Thumb Code     0  startup_stm32f10x_hd.o(.text)
    I2C1_EV_IRQHandler                       0x0800447f   Thumb Code     0  startup_stm32f10x_hd.o(.text)
    I2C2_ER_IRQHandler                       0x0800447f   Thumb Code     0  startup_stm32f10x_hd.o(.text)
    I2C2_EV_IRQHandler                       0x0800447f   Thumb Code     0  startup_stm32f10x_hd.o(.text)
    PVD_IRQHandler                           0x0800447f   Thumb Code     0  startup_stm32f10x_hd.o(.text)
    RCC_IRQHandler                           0x0800447f   Thumb Code     0  startup_stm32f10x_hd.o(.text)
    RTCAlarm_IRQHandler                      0x0800447f   Thumb Code     0  startup_stm32f10x_hd.o(.text)
    SDIO_IRQHandler                          0x0800447f   Thumb Code     0  startup_stm32f10x_hd.o(.text)
    SPI1_IRQHandler                          0x0800447f   Thumb Code     0  startup_stm32f10x_hd.o(.text)
    SPI2_IRQHandler                          0x0800447f   Thumb Code     0  startup_stm32f10x_hd.o(.text)
    SPI3_IRQHandler                          0x0800447f   Thumb Code     0  startup_stm32f10x_hd.o(.text)
    TAMPER_IRQHandler                        0x0800447f   Thumb Code     0  startup_stm32f10x_hd.o(.text)
    TIM1_BRK_IRQHandler                      0x0800447f   Thumb Code     0  startup_stm32f10x_hd.o(.text)
    TIM1_CC_IRQHandler                       0x0800447f   Thumb Code     0  startup_stm32f10x_hd.o(.text)
    TIM1_TRG_COM_IRQHandler                  0x0800447f   Thumb Code     0  startup_stm32f10x_hd.o(.text)
    TIM1_UP_IRQHandler                       0x0800447f   Thumb Code     0  startup_stm32f10x_hd.o(.text)
    TIM5_IRQHandler                          0x0800447f   Thumb Code     0  startup_stm32f10x_hd.o(.text)
    TIM6_IRQHandler                          0x0800447f   Thumb Code     0  startup_stm32f10x_hd.o(.text)
    TIM8_BRK_IRQHandler                      0x0800447f   Thumb Code     0  startup_stm32f10x_hd.o(.text)
    TIM8_CC_IRQHandler                       0x0800447f   Thumb Code     0  startup_stm32f10x_hd.o(.text)
    TIM8_TRG_COM_IRQHandler                  0x0800447f   Thumb Code     0  startup_stm32f10x_hd.o(.text)
    TIM8_UP_IRQHandler                       0x0800447f   Thumb Code     0  startup_stm32f10x_hd.o(.text)
    UART5_IRQHandler                         0x0800447f   Thumb Code     0  startup_stm32f10x_hd.o(.text)
    USBWakeUp_IRQHandler                     0x0800447f   Thumb Code     0  startup_stm32f10x_hd.o(.text)
    USB_HP_CAN1_TX_IRQHandler                0x0800447f   Thumb Code     0  startup_stm32f10x_hd.o(.text)
    USB_LP_CAN1_RX0_IRQHandler               0x0800447f   Thumb Code     0  startup_stm32f10x_hd.o(.text)
    WWDG_IRQHandler                          0x0800447f   Thumb Code     0  startup_stm32f10x_hd.o(.text)
    __user_initial_stackheap                 0x08004481   Thumb Code     0  startup_stm32f10x_hd.o(.text)
    NVIC_PriorityGroupConfig                 0x080044a5   Thumb Code    10  misc.o(.text)
    NVIC_Init                                0x080044af   Thumb Code   100  misc.o(.text)
    NVIC_SetVectorTable                      0x08004513   Thumb Code    14  misc.o(.text)
    NVIC_SystemLPConfig                      0x08004521   Thumb Code    34  misc.o(.text)
    SysTick_CLKSourceConfig                  0x08004543   Thumb Code    40  misc.o(.text)
    GPIO_DeInit                              0x08004581   Thumb Code   172  stm32f10x_gpio.o(.text)
    GPIO_AFIODeInit                          0x0800462d   Thumb Code    20  stm32f10x_gpio.o(.text)
    GPIO_Init                                0x08004641   Thumb Code   278  stm32f10x_gpio.o(.text)
    GPIO_StructInit                          0x08004757   Thumb Code    16  stm32f10x_gpio.o(.text)
    GPIO_ReadInputDataBit                    0x08004767   Thumb Code    18  stm32f10x_gpio.o(.text)
    GPIO_ReadInputData                       0x08004779   Thumb Code     8  stm32f10x_gpio.o(.text)
    GPIO_ReadOutputDataBit                   0x08004781   Thumb Code    18  stm32f10x_gpio.o(.text)
    GPIO_ReadOutputData                      0x08004793   Thumb Code     8  stm32f10x_gpio.o(.text)
    GPIO_SetBits                             0x0800479b   Thumb Code     4  stm32f10x_gpio.o(.text)
    GPIO_ResetBits                           0x0800479f   Thumb Code     4  stm32f10x_gpio.o(.text)
    GPIO_WriteBit                            0x080047a3   Thumb Code    10  stm32f10x_gpio.o(.text)
    GPIO_Write                               0x080047ad   Thumb Code     4  stm32f10x_gpio.o(.text)
    GPIO_PinLockConfig                       0x080047b1   Thumb Code    18  stm32f10x_gpio.o(.text)
    GPIO_EventOutputConfig                   0x080047c3   Thumb Code    26  stm32f10x_gpio.o(.text)
    GPIO_EventOutputCmd                      0x080047dd   Thumb Code     6  stm32f10x_gpio.o(.text)
    GPIO_PinRemapConfig                      0x080047e3   Thumb Code   138  stm32f10x_gpio.o(.text)
    GPIO_EXTILineConfig                      0x0800486d   Thumb Code    66  stm32f10x_gpio.o(.text)
    GPIO_ETH_MediaInterfaceConfig            0x080048af   Thumb Code     8  stm32f10x_gpio.o(.text)
    RCC_DeInit                               0x080048dd   Thumb Code    64  stm32f10x_rcc.o(.text)
    RCC_HSEConfig                            0x0800491d   Thumb Code    70  stm32f10x_rcc.o(.text)
    RCC_GetFlagStatus                        0x08004963   Thumb Code    56  stm32f10x_rcc.o(.text)
    RCC_WaitForHSEStartUp                    0x0800499b   Thumb Code    56  stm32f10x_rcc.o(.text)
    RCC_AdjustHSICalibrationValue            0x080049d3   Thumb Code    20  stm32f10x_rcc.o(.text)
    RCC_HSICmd                               0x080049e7   Thumb Code     6  stm32f10x_rcc.o(.text)
    RCC_PLLConfig                            0x080049ed   Thumb Code    24  stm32f10x_rcc.o(.text)
    RCC_PLLCmd                               0x08004a05   Thumb Code     6  stm32f10x_rcc.o(.text)
    RCC_SYSCLKConfig                         0x08004a0b   Thumb Code    18  stm32f10x_rcc.o(.text)
    RCC_GetSYSCLKSource                      0x08004a1d   Thumb Code    10  stm32f10x_rcc.o(.text)
    RCC_HCLKConfig                           0x08004a27   Thumb Code    18  stm32f10x_rcc.o(.text)
    RCC_PCLK1Config                          0x08004a39   Thumb Code    18  stm32f10x_rcc.o(.text)
    RCC_PCLK2Config                          0x08004a4b   Thumb Code    20  stm32f10x_rcc.o(.text)
    RCC_ITConfig                             0x08004a5f   Thumb Code    26  stm32f10x_rcc.o(.text)
    RCC_USBCLKConfig                         0x08004a79   Thumb Code     8  stm32f10x_rcc.o(.text)
    RCC_ADCCLKConfig                         0x08004a81   Thumb Code    18  stm32f10x_rcc.o(.text)
    RCC_LSEConfig                            0x08004a93   Thumb Code    50  stm32f10x_rcc.o(.text)
    RCC_LSICmd                               0x08004ac5   Thumb Code     6  stm32f10x_rcc.o(.text)
    RCC_RTCCLKConfig                         0x08004acb   Thumb Code    12  stm32f10x_rcc.o(.text)
    RCC_RTCCLKCmd                            0x08004ad7   Thumb Code     8  stm32f10x_rcc.o(.text)
    RCC_GetClocksFreq                        0x08004adf   Thumb Code   192  stm32f10x_rcc.o(.text)
    RCC_AHBPeriphClockCmd                    0x08004b9f   Thumb Code    26  stm32f10x_rcc.o(.text)
    RCC_APB2PeriphClockCmd                   0x08004bb9   Thumb Code    26  stm32f10x_rcc.o(.text)
    RCC_APB1PeriphClockCmd                   0x08004bd3   Thumb Code    26  stm32f10x_rcc.o(.text)
    RCC_APB2PeriphResetCmd                   0x08004bed   Thumb Code    26  stm32f10x_rcc.o(.text)
    RCC_APB1PeriphResetCmd                   0x08004c07   Thumb Code    26  stm32f10x_rcc.o(.text)
    RCC_BackupResetCmd                       0x08004c21   Thumb Code     8  stm32f10x_rcc.o(.text)
    RCC_ClockSecuritySystemCmd               0x08004c29   Thumb Code     6  stm32f10x_rcc.o(.text)
    RCC_MCOConfig                            0x08004c2f   Thumb Code     6  stm32f10x_rcc.o(.text)
    RCC_ClearFlag                            0x08004c35   Thumb Code    14  stm32f10x_rcc.o(.text)
    RCC_GetITStatus                          0x08004c43   Thumb Code    20  stm32f10x_rcc.o(.text)
    RCC_ClearITPendingBit                    0x08004c57   Thumb Code     6  stm32f10x_rcc.o(.text)
    USART_DeInit                             0x08004c81   Thumb Code   134  stm32f10x_usart.o(.text)
    USART_Init                               0x08004d07   Thumb Code   210  stm32f10x_usart.o(.text)
    USART_StructInit                         0x08004dd9   Thumb Code    24  stm32f10x_usart.o(.text)
    USART_ClockInit                          0x08004df1   Thumb Code    34  stm32f10x_usart.o(.text)
    USART_ClockStructInit                    0x08004e13   Thumb Code    12  stm32f10x_usart.o(.text)
    USART_Cmd                                0x08004e1f   Thumb Code    24  stm32f10x_usart.o(.text)
    USART_ITConfig                           0x08004e37   Thumb Code    74  stm32f10x_usart.o(.text)
    USART_DMACmd                             0x08004e81   Thumb Code    18  stm32f10x_usart.o(.text)
    USART_SetAddress                         0x08004e93   Thumb Code    18  stm32f10x_usart.o(.text)
    USART_WakeUpConfig                       0x08004ea5   Thumb Code    18  stm32f10x_usart.o(.text)
    USART_ReceiverWakeUpCmd                  0x08004eb7   Thumb Code    24  stm32f10x_usart.o(.text)
    USART_LINBreakDetectLengthConfig         0x08004ecf   Thumb Code    18  stm32f10x_usart.o(.text)
    USART_LINCmd                             0x08004ee1   Thumb Code    24  stm32f10x_usart.o(.text)
    USART_SendData                           0x08004ef9   Thumb Code     8  stm32f10x_usart.o(.text)
    USART_ReceiveData                        0x08004f01   Thumb Code    10  stm32f10x_usart.o(.text)
    USART_SendBreak                          0x08004f0b   Thumb Code    10  stm32f10x_usart.o(.text)
    USART_SetGuardTime                       0x08004f15   Thumb Code    16  stm32f10x_usart.o(.text)
    USART_SetPrescaler                       0x08004f25   Thumb Code    16  stm32f10x_usart.o(.text)
    USART_SmartCardCmd                       0x08004f35   Thumb Code    24  stm32f10x_usart.o(.text)
    USART_SmartCardNACKCmd                   0x08004f4d   Thumb Code    24  stm32f10x_usart.o(.text)
    USART_HalfDuplexCmd                      0x08004f65   Thumb Code    24  stm32f10x_usart.o(.text)
    USART_OverSampling8Cmd                   0x08004f7d   Thumb Code    22  stm32f10x_usart.o(.text)
    USART_OneBitMethodCmd                    0x08004f93   Thumb Code    24  stm32f10x_usart.o(.text)
    USART_IrDAConfig                         0x08004fab   Thumb Code    18  stm32f10x_usart.o(.text)
    USART_IrDACmd                            0x08004fbd   Thumb Code    24  stm32f10x_usart.o(.text)
    USART_GetFlagStatus                      0x08004fd5   Thumb Code    26  stm32f10x_usart.o(.text)
    USART_ClearFlag                          0x08004fef   Thumb Code    18  stm32f10x_usart.o(.text)
    USART_GetITStatus                        0x08005001   Thumb Code    84  stm32f10x_usart.o(.text)
    USART_ClearITPendingBit                  0x08005055   Thumb Code    52  stm32f10x_usart.o(.text)
    FLASH_SetLatency                         0x08005089   Thumb Code    18  stm32f10x_flash.o(.text)
    FLASH_HalfCycleAccessCmd                 0x0800509b   Thumb Code    22  stm32f10x_flash.o(.text)
    FLASH_PrefetchBufferCmd                  0x080050b1   Thumb Code    22  stm32f10x_flash.o(.text)
    FLASH_Unlock                             0x080050c7   Thumb Code    12  stm32f10x_flash.o(.text)
    FLASH_UnlockBank1                        0x080050d3   Thumb Code    12  stm32f10x_flash.o(.text)
    FLASH_Lock                               0x080050df   Thumb Code    14  stm32f10x_flash.o(.text)
    FLASH_LockBank1                          0x080050ed   Thumb Code    14  stm32f10x_flash.o(.text)
    FLASH_GetBank1Status                     0x080050fb   Thumb Code    48  stm32f10x_flash.o(.text)
    FLASH_WaitForLastOperation               0x0800512b   Thumb Code    38  stm32f10x_flash.o(.text)
    FLASH_ErasePage                          0x08005151   Thumb Code    72  stm32f10x_flash.o(.text)
    FLASH_EraseAllPages                      0x08005199   Thumb Code    68  stm32f10x_flash.o(.text)
    FLASH_WaitForLastBank1Operation          0x080051dd   Thumb Code    38  stm32f10x_flash.o(.text)
    FLASH_EraseAllBank1Pages                 0x08005203   Thumb Code    68  stm32f10x_flash.o(.text)
    FLASH_GetReadOutProtectionStatus         0x08005247   Thumb Code    20  stm32f10x_flash.o(.text)
    FLASH_EraseOptionBytes                   0x0800525b   Thumb Code   150  stm32f10x_flash.o(.text)
    FLASH_ProgramWord                        0x080052f1   Thumb Code   102  stm32f10x_flash.o(.text)
    FLASH_ProgramHalfWord                    0x08005357   Thumb Code    60  stm32f10x_flash.o(.text)
    FLASH_ProgramOptionByteData              0x08005393   Thumb Code    72  stm32f10x_flash.o(.text)
    FLASH_EnableWriteProtection              0x080053db   Thumb Code   200  stm32f10x_flash.o(.text)
    FLASH_ReadOutProtection                  0x080054a3   Thumb Code   156  stm32f10x_flash.o(.text)
    FLASH_UserOptionByteConfig               0x0800553f   Thumb Code    88  stm32f10x_flash.o(.text)
    FLASH_GetUserOptionByte                  0x08005597   Thumb Code     8  stm32f10x_flash.o(.text)
    FLASH_GetWriteProtectionOptionByte       0x0800559f   Thumb Code     6  stm32f10x_flash.o(.text)
    FLASH_GetPrefetchBufferStatus            0x080055a5   Thumb Code    20  stm32f10x_flash.o(.text)
    FLASH_ITConfig                           0x080055b9   Thumb Code    26  stm32f10x_flash.o(.text)
    FLASH_GetFlagStatus                      0x080055d3   Thumb Code    42  stm32f10x_flash.o(.text)
    FLASH_ClearFlag                          0x080055fd   Thumb Code     6  stm32f10x_flash.o(.text)
    FLASH_GetStatus                          0x08005603   Thumb Code    48  stm32f10x_flash.o(.text)
    TIM_DeInit                               0x08005645   Thumb Code   424  stm32f10x_tim.o(.text)
    TIM_TimeBaseInit                         0x080057ed   Thumb Code   122  stm32f10x_tim.o(.text)
    TIM_OC1Init                              0x08005867   Thumb Code   132  stm32f10x_tim.o(.text)
    TIM_OC2Init                              0x080058eb   Thumb Code   154  stm32f10x_tim.o(.text)
    TIM_OC3Init                              0x08005985   Thumb Code   150  stm32f10x_tim.o(.text)
    TIM_OC4Init                              0x08005a1b   Thumb Code   182  stm32f10x_tim.o(.text)
    TIM_SetIC4Prescaler                      0x08005ad1   Thumb Code    26  stm32f10x_tim.o(.text)
    TIM_SetIC3Prescaler                      0x08005b6d   Thumb Code    18  stm32f10x_tim.o(.text)
    TIM_SetIC2Prescaler                      0x08005bf9   Thumb Code    26  stm32f10x_tim.o(.text)
    TIM_SetIC1Prescaler                      0x08005c95   Thumb Code    18  stm32f10x_tim.o(.text)
    TIM_ICInit                               0x08005d13   Thumb Code   150  stm32f10x_tim.o(.text)
    TIM_PWMIConfig                           0x08005da9   Thumb Code   124  stm32f10x_tim.o(.text)
    TIM_BDTRConfig                           0x08005e25   Thumb Code    32  stm32f10x_tim.o(.text)
    TIM_TimeBaseStructInit                   0x08005e45   Thumb Code    18  stm32f10x_tim.o(.text)
    TIM_OCStructInit                         0x08005e57   Thumb Code    20  stm32f10x_tim.o(.text)
    TIM_ICStructInit                         0x08005e6b   Thumb Code    18  stm32f10x_tim.o(.text)
    TIM_BDTRStructInit                       0x08005e7d   Thumb Code    40  stm32f10x_tim.o(.text)
    TIM_Cmd                                  0x08005ea5   Thumb Code    24  stm32f10x_tim.o(.text)
    TIM_CtrlPWMOutputs                       0x08005ebd   Thumb Code    30  stm32f10x_tim.o(.text)
    TIM_ITConfig                             0x08005edb   Thumb Code    18  stm32f10x_tim.o(.text)
    TIM_GenerateEvent                        0x08005eed   Thumb Code     4  stm32f10x_tim.o(.text)
    TIM_DMAConfig                            0x08005ef1   Thumb Code    10  stm32f10x_tim.o(.text)
    TIM_DMACmd                               0x08005efb   Thumb Code    18  stm32f10x_tim.o(.text)
    TIM_InternalClockConfig                  0x08005f0d   Thumb Code    12  stm32f10x_tim.o(.text)
    TIM_SelectInputTrigger                   0x08005f19   Thumb Code    18  stm32f10x_tim.o(.text)
    TIM_ITRxExternalClockConfig              0x08005f2b   Thumb Code    24  stm32f10x_tim.o(.text)
    TIM_TIxExternalClockConfig               0x08005f43   Thumb Code    62  stm32f10x_tim.o(.text)
    TIM_ETRConfig                            0x08005f81   Thumb Code    28  stm32f10x_tim.o(.text)
    TIM_ETRClockMode1Config                  0x08005f9d   Thumb Code    54  stm32f10x_tim.o(.text)
    TIM_ETRClockMode2Config                  0x08005fd3   Thumb Code    32  stm32f10x_tim.o(.text)
    TIM_PrescalerConfig                      0x08005ff3   Thumb Code     6  stm32f10x_tim.o(.text)
    TIM_CounterModeConfig                    0x08005ff9   Thumb Code    18  stm32f10x_tim.o(.text)
    TIM_EncoderInterfaceConfig               0x0800600b   Thumb Code    66  stm32f10x_tim.o(.text)
    TIM_ForcedOC1Config                      0x0800604d   Thumb Code    18  stm32f10x_tim.o(.text)
    TIM_ForcedOC2Config                      0x0800605f   Thumb Code    26  stm32f10x_tim.o(.text)
    TIM_ForcedOC3Config                      0x08006079   Thumb Code    18  stm32f10x_tim.o(.text)
    TIM_ForcedOC4Config                      0x0800608b   Thumb Code    26  stm32f10x_tim.o(.text)
    TIM_ARRPreloadConfig                     0x080060a5   Thumb Code    24  stm32f10x_tim.o(.text)
    TIM_SelectCOM                            0x080060bd   Thumb Code    24  stm32f10x_tim.o(.text)
    TIM_SelectCCDMA                          0x080060d5   Thumb Code    24  stm32f10x_tim.o(.text)
    TIM_CCPreloadControl                     0x080060ed   Thumb Code    24  stm32f10x_tim.o(.text)
    TIM_OC1PreloadConfig                     0x08006105   Thumb Code    18  stm32f10x_tim.o(.text)
    TIM_OC2PreloadConfig                     0x08006117   Thumb Code    26  stm32f10x_tim.o(.text)
    TIM_OC3PreloadConfig                     0x08006131   Thumb Code    18  stm32f10x_tim.o(.text)
    TIM_OC4PreloadConfig                     0x08006143   Thumb Code    26  stm32f10x_tim.o(.text)
    TIM_OC1FastConfig                        0x0800615d   Thumb Code    18  stm32f10x_tim.o(.text)
    TIM_OC2FastConfig                        0x0800616f   Thumb Code    26  stm32f10x_tim.o(.text)
    TIM_OC3FastConfig                        0x08006189   Thumb Code    18  stm32f10x_tim.o(.text)
    TIM_OC4FastConfig                        0x0800619b   Thumb Code    26  stm32f10x_tim.o(.text)
    TIM_ClearOC1Ref                          0x080061b5   Thumb Code    18  stm32f10x_tim.o(.text)
    TIM_ClearOC2Ref                          0x080061c7   Thumb Code    24  stm32f10x_tim.o(.text)
    TIM_ClearOC3Ref                          0x080061df   Thumb Code    18  stm32f10x_tim.o(.text)
    TIM_ClearOC4Ref                          0x080061f1   Thumb Code    24  stm32f10x_tim.o(.text)
    TIM_OC1PolarityConfig                    0x08006209   Thumb Code    18  stm32f10x_tim.o(.text)
    TIM_OC1NPolarityConfig                   0x0800621b   Thumb Code    18  stm32f10x_tim.o(.text)
    TIM_OC2PolarityConfig                    0x0800622d   Thumb Code    26  stm32f10x_tim.o(.text)
    TIM_OC2NPolarityConfig                   0x08006247   Thumb Code    26  stm32f10x_tim.o(.text)
    TIM_OC3PolarityConfig                    0x08006261   Thumb Code    26  stm32f10x_tim.o(.text)
    TIM_OC3NPolarityConfig                   0x0800627b   Thumb Code    26  stm32f10x_tim.o(.text)
    TIM_OC4PolarityConfig                    0x08006295   Thumb Code    26  stm32f10x_tim.o(.text)
    TIM_CCxCmd                               0x080062af   Thumb Code    30  stm32f10x_tim.o(.text)
    TIM_CCxNCmd                              0x080062cd   Thumb Code    30  stm32f10x_tim.o(.text)
    TIM_SelectOCxM                           0x080062eb   Thumb Code    82  stm32f10x_tim.o(.text)
    TIM_UpdateDisableConfig                  0x0800633d   Thumb Code    24  stm32f10x_tim.o(.text)
    TIM_UpdateRequestConfig                  0x08006355   Thumb Code    24  stm32f10x_tim.o(.text)
    TIM_SelectHallSensor                     0x0800636d   Thumb Code    24  stm32f10x_tim.o(.text)
    TIM_SelectOnePulseMode                   0x08006385   Thumb Code    18  stm32f10x_tim.o(.text)
    TIM_SelectOutputTrigger                  0x08006397   Thumb Code    18  stm32f10x_tim.o(.text)
    TIM_SelectSlaveMode                      0x080063a9   Thumb Code    18  stm32f10x_tim.o(.text)
    TIM_SelectMasterSlaveMode                0x080063bb   Thumb Code    18  stm32f10x_tim.o(.text)
    TIM_SetCounter                           0x080063cd   Thumb Code     4  stm32f10x_tim.o(.text)
    TIM_SetAutoreload                        0x080063d1   Thumb Code     4  stm32f10x_tim.o(.text)
    TIM_SetCompare1                          0x080063d5   Thumb Code     4  stm32f10x_tim.o(.text)
    TIM_SetCompare2                          0x080063d9   Thumb Code     4  stm32f10x_tim.o(.text)
    TIM_SetCompare3                          0x080063dd   Thumb Code     4  stm32f10x_tim.o(.text)
    TIM_SetCompare4                          0x080063e1   Thumb Code     6  stm32f10x_tim.o(.text)
    TIM_SetClockDivision                     0x080063e7   Thumb Code    18  stm32f10x_tim.o(.text)
    TIM_GetCapture1                          0x080063f9   Thumb Code     6  stm32f10x_tim.o(.text)
    TIM_GetCapture2                          0x080063ff   Thumb Code     6  stm32f10x_tim.o(.text)
    TIM_GetCapture3                          0x08006405   Thumb Code     6  stm32f10x_tim.o(.text)
    TIM_GetCapture4                          0x0800640b   Thumb Code     8  stm32f10x_tim.o(.text)
    TIM_GetCounter                           0x08006413   Thumb Code     6  stm32f10x_tim.o(.text)
    TIM_GetPrescaler                         0x08006419   Thumb Code     6  stm32f10x_tim.o(.text)
    TIM_GetFlagStatus                        0x0800641f   Thumb Code    18  stm32f10x_tim.o(.text)
    TIM_ClearFlag                            0x08006431   Thumb Code     6  stm32f10x_tim.o(.text)
    TIM_GetITStatus                          0x08006437   Thumb Code    34  stm32f10x_tim.o(.text)
    TIM_ClearITPendingBit                    0x08006459   Thumb Code     6  stm32f10x_tim.o(.text)
    RTC_ITConfig                             0x08006461   Thumb Code    26  stm32f10x_rtc.o(.text)
    RTC_EnterConfigMode                      0x0800647b   Thumb Code    18  stm32f10x_rtc.o(.text)
    RTC_ExitConfigMode                       0x0800648d   Thumb Code    20  stm32f10x_rtc.o(.text)
    RTC_GetCounter                           0x080064a1   Thumb Code    18  stm32f10x_rtc.o(.text)
    RTC_SetCounter                           0x080064b3   Thumb Code    26  stm32f10x_rtc.o(.text)
    RTC_SetPrescaler                         0x080064cd   Thumb Code    28  stm32f10x_rtc.o(.text)
    RTC_SetAlarm                             0x080064e9   Thumb Code    26  stm32f10x_rtc.o(.text)
    RTC_GetDivider                           0x08006503   Thumb Code    22  stm32f10x_rtc.o(.text)
    RTC_WaitForLastTask                      0x08006519   Thumb Code    18  stm32f10x_rtc.o(.text)
    RTC_WaitForSynchro                       0x0800652b   Thumb Code    36  stm32f10x_rtc.o(.text)
    RTC_GetFlagStatus                        0x0800654f   Thumb Code    22  stm32f10x_rtc.o(.text)
    RTC_ClearFlag                            0x08006565   Thumb Code    16  stm32f10x_rtc.o(.text)
    RTC_GetITStatus                          0x08006575   Thumb Code    32  stm32f10x_rtc.o(.text)
    RTC_ClearITPendingBit                    0x08006595   Thumb Code    16  stm32f10x_rtc.o(.text)
    BKP_DeInit                               0x080065a9   Thumb Code    16  stm32f10x_bkp.o(.text)
    BKP_TamperPinLevelConfig                 0x080065b9   Thumb Code     6  stm32f10x_bkp.o(.text)
    BKP_TamperPinCmd                         0x080065bf   Thumb Code     8  stm32f10x_bkp.o(.text)
    BKP_ITConfig                             0x080065c7   Thumb Code     8  stm32f10x_bkp.o(.text)
    BKP_RTCOutputConfig                      0x080065cf   Thumb Code    22  stm32f10x_bkp.o(.text)
    BKP_SetRTCCalibrationValue               0x080065e5   Thumb Code    22  stm32f10x_bkp.o(.text)
    BKP_WriteBackupRegister                  0x080065fb   Thumb Code    24  stm32f10x_bkp.o(.text)
    BKP_ReadBackupRegister                   0x08006613   Thumb Code    26  stm32f10x_bkp.o(.text)
    BKP_GetFlagStatus                        0x0800662d   Thumb Code    10  stm32f10x_bkp.o(.text)
    BKP_ClearFlag                            0x08006637   Thumb Code    18  stm32f10x_bkp.o(.text)
    BKP_GetITStatus                          0x08006649   Thumb Code    10  stm32f10x_bkp.o(.text)
    BKP_ClearITPendingBit                    0x08006653   Thumb Code    18  stm32f10x_bkp.o(.text)
    PWR_DeInit                               0x0800666d   Thumb Code    22  stm32f10x_pwr.o(.text)
    PWR_BackupAccessCmd                      0x08006683   Thumb Code     6  stm32f10x_pwr.o(.text)
    PWR_PVDCmd                               0x08006689   Thumb Code     6  stm32f10x_pwr.o(.text)
    PWR_PVDLevelConfig                       0x0800668f   Thumb Code    18  stm32f10x_pwr.o(.text)
    PWR_WakeUpPinCmd                         0x080066a1   Thumb Code     8  stm32f10x_pwr.o(.text)
    PWR_EnterSTOPMode                        0x080066a9   Thumb Code    54  stm32f10x_pwr.o(.text)
    PWR_EnterSTANDBYMode                     0x080066df   Thumb Code    42  stm32f10x_pwr.o(.text)
    PWR_GetFlagStatus                        0x08006709   Thumb Code    20  stm32f10x_pwr.o(.text)
    PWR_ClearFlag                            0x0800671d   Thumb Code    14  stm32f10x_pwr.o(.text)
    EXTI_DeInit                              0x08006739   Thumb Code    28  stm32f10x_exti.o(.text)
    EXTI_Init                                0x08006755   Thumb Code   142  stm32f10x_exti.o(.text)
    EXTI_StructInit                          0x080067e3   Thumb Code    16  stm32f10x_exti.o(.text)
    EXTI_GenerateSWInterrupt                 0x080067f3   Thumb Code    16  stm32f10x_exti.o(.text)
    EXTI_GetFlagStatus                       0x08006803   Thumb Code    22  stm32f10x_exti.o(.text)
    EXTI_ClearFlag                           0x08006819   Thumb Code     8  stm32f10x_exti.o(.text)
    EXTI_GetITStatus                         0x08006821   Thumb Code    34  stm32f10x_exti.o(.text)
    EXTI_ClearITPendingBit                   0x08006843   Thumb Code     8  stm32f10x_exti.o(.text)
    __use_no_semihosting                     0x08006855   Thumb Code     2  use_no_semi_2.o(.text)
    toupper                                  0x08006857   Thumb Code    30  toupper.o(.text)
    __2printf                                0x08006875   Thumb Code    20  noretval__2printf.o(.text)
    __printf                                 0x0800688d   Thumb Code   104  __printf.o(.text)
    _printf_int_dec                          0x080068f5   Thumb Code   104  _printf_dec.o(.text)
    __aeabi_memcpy4                          0x0800696d   Thumb Code     0  rt_memcpy_w.o(.text)
    __aeabi_memcpy8                          0x0800696d   Thumb Code     0  rt_memcpy_w.o(.text)
    __rt_memcpy_w                            0x0800696d   Thumb Code   100  rt_memcpy_w.o(.text)
    _memcpy_lastbytes_aligned                0x080069b5   Thumb Code     0  rt_memcpy_w.o(.text)
    __use_two_region_memory                  0x080069d1   Thumb Code     2  heapauxi.o(.text)
    __rt_heap_escrow$2region                 0x080069d3   Thumb Code     2  heapauxi.o(.text)
    __rt_heap_expand$2region                 0x080069d5   Thumb Code     2  heapauxi.o(.text)
    __I$use$semihosting                      0x080069d7   Thumb Code     0  use_no_semi.o(.text)
    __use_no_semihosting_swi                 0x080069d7   Thumb Code     2  use_no_semi.o(.text)
    __rt_ctype_table                         0x080069d9   Thumb Code    16  rt_ctype_table.o(.text)
    _printf_int_common                       0x080069e9   Thumb Code   178  _printf_intcommon.o(.text)
    _printf_char_file                        0x08006a9d   Thumb Code    32  _printf_char_file.o(.text)
    __rt_locale                              0x08006ac1   Thumb Code     8  rt_locale_intlibspace.o(.text)
    _printf_char_common                      0x08006ad3   Thumb Code    32  _printf_char_common.o(.text)
    ferror                                   0x08006af9   Thumb Code     8  ferror.o(.text)
    __user_libspace                          0x08006b01   Thumb Code     8  libspace.o(.text)
    __user_perproc_libspace                  0x08006b01   Thumb Code     0  libspace.o(.text)
    __user_perthread_libspace                0x08006b01   Thumb Code     0  libspace.o(.text)
    __user_setup_stackheap                   0x08006b09   Thumb Code    74  sys_stackheap_outer.o(.text)
    exit                                     0x08006b53   Thumb Code    12  exit.o(.text)
    strcmp                                   0x08006b61   Thumb Code   128  strcmpv7m.o(.text)
    _get_lc_ctype                            0x08006be1   Thumb Code    44  lc_ctype_c.o(locale$$code)
    asc2_1206                                0x08006c0c   Data        1140  oled.o(.constdata)
    asc2_1608                                0x08007080   Data        1520  oled.o(.constdata)
    asc2_2412                                0x08007670   Data        3420  oled.o(.constdata)
    Hzk                                      0x080083cc   Data        1800  oled.o(.constdata)
    table_week                               0x08008ad4   Data          12  rtc.o(.constdata)
    mon_table                                0x08008ae0   Data          12  rtc.o(.constdata)
    Region$$Table$$Base                      0x08008aec   Number         0  anon$$obj.o(Region$$Table)
    Region$$Table$$Limit                     0x08008b0c   Number         0  anon$$obj.o(Region$$Table)
    __ctype                                  0x08008b19   Data           0  lc_ctype_c.o(locale$$data)
    buf1                                     0x20000000   Data           7  main.o(.data)
    buf2                                     0x20000007   Data           5  main.o(.data)
    buf3                                     0x2000000c   Data           5  main.o(.data)
    buf4                                     0x20000011   Data           5  main.o(.data)
    buf5                                     0x20000016   Data           4  main.o(.data)
    temp                                     0x2000001a   Data           1  main.o(.data)
    table4                                   0x2000001b   Data           6  main.o(.data)
    timebuffer                               0x20000021   Data           7  main.o(.data)
    len                                      0x20000028   Data           1  main.o(.data)
    m                                        0x20000029   Data           1  main.o(.data)
    ij                                       0x2000002a   Data           1  main.o(.data)
    kk                                       0x2000002b   Data           1  main.o(.data)
    bb                                       0x2000002c   Data           1  main.o(.data)
    f1                                       0x2000002d   Data           1  main.o(.data)
    f2                                       0x2000002e   Data           1  main.o(.data)
    f3                                       0x2000002f   Data           1  main.o(.data)
    f4                                       0x20000030   Data           1  main.o(.data)
    f5                                       0x20000031   Data           1  main.o(.data)
    h                                        0x20000032   Data           1  main.o(.data)
    P1                                       0x20000033   Data           8  main.o(.data)
    n                                        0x2000003b   Data           1  main.o(.data)
    j                                        0x2000003c   Data           1  main.o(.data)
    user_num                                 0x2000003d   Data           1  main.o(.data)
    SystemCoreClock                          0x20000040   Data           4  system_stm32f10x.o(.data)
    AHBPrescTable                            0x20000044   Data          16  system_stm32f10x.o(.data)
    table1                                   0x20000054   Data           6  break.o(.data)
    table2                                   0x2000005a   Data           6  break.o(.data)
    Keytable                                 0x20000060   Data           2  break.o(.data)
    Flag                                     0x20000062   Data           1  break.o(.data)
    temp2                                    0x20000063   Data           1  break.o(.data)
    addr                                     0x20000064   Data           4  break.o(.data)
    addr1                                    0x20000068   Data           4  break.o(.data)
    Correctnum                               0x2000006c   Data           1  break.o(.data)
    Recordnum                                0x2000006d   Data           1  break.o(.data)
    CorrectFlag                              0x2000006e   Data           1  break.o(.data)
    RecordFlag                               0x2000006f   Data           1  break.o(.data)
    USART_RX_STA1                            0x20000070   Data           2  usart3.o(.data)
    Uart_send_counter                        0x20000072   Data           1  usart3.o(.data)
    Uart_send_pointer                        0x20000074   Data           4  usart3.o(.data)
    RxCounter1                               0x20000078   Data           4  usart3.o(.data)
    flag_nfc_status                          0x2000007c   Data           1  usart3.o(.data)
    flag_rev_finish                          0x2000007d   Data           1  usart3.o(.data)
    RxCounter                                0x2000007e   Data           1  usart3.o(.data)
    keyvalue                                 0x2000007f   Data           1  key.o(.data)
    t                                        0x20000080   Data           1  key.o(.data)
    mm                                       0x20000082   Data           1  time.o(.data)
    m1                                       0x20000083   Data           1  time.o(.data)
    k1                                       0x20000084   Data           1  time.o(.data)
    n1                                       0x20000086   Data           2  time.o(.data)
    l1                                       0x20000088   Data           2  time.o(.data)
    Usercount                                0x2000008a   Data           1  l620.o(.data)
    UserName                                 0x2000008b   Data           8  l620.o(.data)
    year                                     0x20000094   Data           2  l620.o(.data)
    month                                    0x20000096   Data           1  l620.o(.data)
    date                                     0x20000097   Data           1  l620.o(.data)
    hour                                     0x20000098   Data           1  l620.o(.data)
    min                                      0x20000099   Data           1  l620.o(.data)
    sec                                      0x2000009a   Data           1  l620.o(.data)
    r1                                       0x2000009b   Data           2  l620.o(.data)
    r2                                       0x2000009d   Data          10  l620.o(.data)
    r3                                       0x200000a7   Data           5  l620.o(.data)
    r4                                       0x200000ac   Data           3  l620.o(.data)
    time1                                    0x200000af   Data           5  l620.o(.data)
    card                                     0x200000b4   Data           5  l620.o(.data)
    card1                                    0x200000b9   Data           6  l620.o(.data)
    idcard                                   0x200000bf   Data           8  l620.o(.data)
    dgcard                                   0x200000c7   Data           6  l620.o(.data)
    Erase                                    0x200000cd   Data          27  l620.o(.data)
    pSend                                    0x200000e8   Data          48  l620.o(.data)
    RxCounter2                               0x2000011a   Data           1  uart4.o(.data)
    __stdout                                 0x20000120   Data           4  usart.o(.data)
    RxCount2                                 0x20000124   Data           1  usart.o(.data)
    RxCount1                                 0x20000125   Data           1  usart.o(.data)
    USART_RX_STA                             0x20000126   Data           2  usart.o(.data)
    USART2_RX_STA                            0x20000128   Data           2  usart.o(.data)
    table3                                   0x20000140   Data          11  main.o(.bss)
    tempdata1                                0x2000014b   Data          11  main.o(.bss)
    table10                                  0x20000156   Data           9  main.o(.bss)
    table                                    0x2000015f   Data           9  main.o(.bss)
    OLED_GRAM                                0x20000168   Data        1024  oled.o(.bss)
    STMFLASH_BUF                             0x20000568   Data        2048  stmflash.o(.bss)
    tempdata                                 0x20000d68   Data          11  break.o(.bss)
    table5                                   0x20000d73   Data           9  break.o(.bss)
    table6                                   0x20000d7c   Data           9  break.o(.bss)
    USART_RX_BUF1                            0x20000d85   Data         200  usart3.o(.bss)
    RxBuffer1                                0x20000e4d   Data         500  usart3.o(.bss)
    RxBuffer                                 0x20001041   Data         600  usart3.o(.bss)
    UserMessage1                             0x20001299   Data         400  time.o(.bss)
    UserMessage2                             0x20001429   Data         400  time.o(.bss)
    UnlockRecord                             0x200015b9   Data         400  time.o(.bss)
    CorrectRecord                            0x20001749   Data         400  time.o(.bss)
    calendar                                 0x200018da   Data          10  rtc.o(.bss)
    RxBuffer2                                0x200018e4   Data          50  uart4.o(.bss)
    table7                                   0x20001916   Data           9  id1016b.o(.bss)
    USART_RX_BUF                             0x2000191f   Data         200  usart.o(.bss)
    USART2_RX_BUF                            0x200019e7   Data         400  usart.o(.bss)
    USART2_TX_BUF                            0x20001b77   Data         400  usart.o(.bss)
    __libspace_start                         0x20001d08   Data          96  libspace.o(.bss)
    __temporary_stack_top$libspace           0x20001d68   Data           0  libspace.o(.bss)



==============================================================================

Memory Map of the image

  Image Entry point : 0x08000131

  Load Region LR_IROM1 (Base: 0x08000000, Size: 0x00008d5c, Max: 0x00080000, ABSOLUTE, COMPRESSED[0x00008ca8])

    Execution Region ER_IROM1 (Base: 0x08000000, Size: 0x00008c1c, Max: 0x00080000, ABSOLUTE)

    Base Addr    Size         Type   Attr      Idx    E Section Name        Object

    0x08000000   0x00000130   Data   RO          602    RESET               startup_stm32f10x_hd.o
    0x08000130   0x00000008   Code   RO          796  * !!!main             c_w.l(__main.o)
    0x08000138   0x00000034   Code   RO          979    !!!scatter          c_w.l(__scatter.o)
    0x0800016c   0x0000005a   Code   RO          977    !!dczerorl2         c_w.l(__dczerorl2.o)
    0x080001c6   0x00000002   PAD
    0x080001c8   0x0000001c   Code   RO          981    !!handler_zi        c_w.l(__scatter_zi.o)
    0x080001e4   0x00000000   Code   RO          789    .ARM.Collect$$_printf_percent$$00000000  c_w.l(_printf_percent.o)
    0x080001e4   0x00000006   Code   RO          788    .ARM.Collect$$_printf_percent$$00000009  c_w.l(_printf_d.o)
    0x080001ea   0x00000004   Code   RO          809    .ARM.Collect$$_printf_percent$$00000017  c_w.l(_printf_percent_end.o)
    0x080001ee   0x00000002   Code   RO          855    .ARM.Collect$$libinit$$00000000  c_w.l(libinit.o)
    0x080001f0   0x00000000   Code   RO          857    .ARM.Collect$$libinit$$00000002  c_w.l(libinit2.o)
    0x080001f0   0x00000000   Code   RO          859    .ARM.Collect$$libinit$$00000004  c_w.l(libinit2.o)
    0x080001f0   0x00000000   Code   RO          862    .ARM.Collect$$libinit$$0000000A  c_w.l(libinit2.o)
    0x080001f0   0x00000000   Code   RO          864    .ARM.Collect$$libinit$$0000000C  c_w.l(libinit2.o)
    0x080001f0   0x00000000   Code   RO          866    .ARM.Collect$$libinit$$0000000E  c_w.l(libinit2.o)
    0x080001f0   0x00000006   Code   RO          867    .ARM.Collect$$libinit$$0000000F  c_w.l(libinit2.o)
    0x080001f6   0x00000000   Code   RO          869    .ARM.Collect$$libinit$$00000011  c_w.l(libinit2.o)
    0x080001f6   0x0000000c   Code   RO          870    .ARM.Collect$$libinit$$00000012  c_w.l(libinit2.o)
    0x08000202   0x00000000   Code   RO          871    .ARM.Collect$$libinit$$00000013  c_w.l(libinit2.o)
    0x08000202   0x00000000   Code   RO          873    .ARM.Collect$$libinit$$00000015  c_w.l(libinit2.o)
    0x08000202   0x00000000   Code   RO          875    .ARM.Collect$$libinit$$00000017  c_w.l(libinit2.o)
    0x08000202   0x00000000   Code   RO          877    .ARM.Collect$$libinit$$00000019  c_w.l(libinit2.o)
    0x08000202   0x00000000   Code   RO          879    .ARM.Collect$$libinit$$0000001B  c_w.l(libinit2.o)
    0x08000202   0x00000000   Code   RO          881    .ARM.Collect$$libinit$$0000001D  c_w.l(libinit2.o)
    0x08000202   0x00000000   Code   RO          883    .ARM.Collect$$libinit$$0000001F  c_w.l(libinit2.o)
    0x08000202   0x00000000   Code   RO          885    .ARM.Collect$$libinit$$00000021  c_w.l(libinit2.o)
    0x08000202   0x00000000   Code   RO          887    .ARM.Collect$$libinit$$00000023  c_w.l(libinit2.o)
    0x08000202   0x00000000   Code   RO          889    .ARM.Collect$$libinit$$00000025  c_w.l(libinit2.o)
    0x08000202   0x00000000   Code   RO          893    .ARM.Collect$$libinit$$0000002C  c_w.l(libinit2.o)
    0x08000202   0x00000000   Code   RO          895    .ARM.Collect$$libinit$$0000002E  c_w.l(libinit2.o)
    0x08000202   0x00000000   Code   RO          897    .ARM.Collect$$libinit$$00000030  c_w.l(libinit2.o)
    0x08000202   0x00000000   Code   RO          899    .ARM.Collect$$libinit$$00000032  c_w.l(libinit2.o)
    0x08000202   0x00000002   Code   RO          900    .ARM.Collect$$libinit$$00000033  c_w.l(libinit2.o)
    0x08000204   0x00000002   Code   RO          928    .ARM.Collect$$libshutdown$$00000000  c_w.l(libshutdown.o)
    0x08000206   0x00000000   Code   RO          938    .ARM.Collect$$libshutdown$$00000003  c_w.l(libshutdown2.o)
    0x08000206   0x00000000   Code   RO          941    .ARM.Collect$$libshutdown$$00000006  c_w.l(libshutdown2.o)
    0x08000206   0x00000000   Code   RO          944    .ARM.Collect$$libshutdown$$00000009  c_w.l(libshutdown2.o)
    0x08000206   0x00000000   Code   RO          946    .ARM.Collect$$libshutdown$$0000000B  c_w.l(libshutdown2.o)
    0x08000206   0x00000000   Code   RO          949    .ARM.Collect$$libshutdown$$0000000E  c_w.l(libshutdown2.o)
    0x08000206   0x00000002   Code   RO          950    .ARM.Collect$$libshutdown$$0000000F  c_w.l(libshutdown2.o)
    0x08000208   0x00000000   Code   RO          800    .ARM.Collect$$rtentry$$00000000  c_w.l(__rtentry.o)
    0x08000208   0x00000000   Code   RO          811    .ARM.Collect$$rtentry$$00000002  c_w.l(__rtentry2.o)
    0x08000208   0x00000006   Code   RO          823    .ARM.Collect$$rtentry$$00000004  c_w.l(__rtentry4.o)
    0x0800020e   0x00000000   Code   RO          813    .ARM.Collect$$rtentry$$00000009  c_w.l(__rtentry2.o)
    0x0800020e   0x00000004   Code   RO          814    .ARM.Collect$$rtentry$$0000000A  c_w.l(__rtentry2.o)
    0x08000212   0x00000000   Code   RO          816    .ARM.Collect$$rtentry$$0000000C  c_w.l(__rtentry2.o)
    0x08000212   0x00000008   Code   RO          817    .ARM.Collect$$rtentry$$0000000D  c_w.l(__rtentry2.o)
    0x0800021a   0x00000002   Code   RO          901    .ARM.Collect$$rtexit$$00000000  c_w.l(rtexit.o)
    0x0800021c   0x00000000   Code   RO          908    .ARM.Collect$$rtexit$$00000002  c_w.l(rtexit2.o)
    0x0800021c   0x00000004   Code   RO          909    .ARM.Collect$$rtexit$$00000003  c_w.l(rtexit2.o)
    0x08000220   0x00000006   Code   RO          910    .ARM.Collect$$rtexit$$00000004  c_w.l(rtexit2.o)
    0x08000226   0x00000002   PAD
    0x08000228   0x0000046c   Code   RO            1    .text               main.o
    0x08000694   0x0000001a   Code   RO          168    .text               stm32f10x_it.o
    0x080006ae   0x00000002   PAD
    0x080006b0   0x000001e0   Code   RO          209    .text               system_stm32f10x.o
    0x08000890   0x00000084   Code   RO          227    .text               led.o
    0x08000914   0x00000a50   Code   RO          239    .text               oled.o
    0x08001364   0x00000144   Code   RO          258    .text               stmflash.o
    0x080014a8   0x00000924   Code   RO          277    .text               break.o
    0x08001dcc   0x000002c4   Code   RO          305    .text               nfc.o
    0x08002090   0x00000194   Code   RO          321    .text               usart3.o
    0x08002224   0x000001ac   Code   RO          340    .text               key.o
    0x080023d0   0x000005b4   Code   RO          408    .text               time.o
    0x08002984   0x000006d4   Code   RO          432    .text               l620.o
    0x08003058   0x000004fc   Code   RO          457    .text               rtc.o
    0x08003554   0x00000158   Code   RO          479    .text               uart4.o
    0x080036ac   0x00000878   Code   RO          498    .text               id1016b.o
    0x08003f24   0x000000f0   Code   RO          524    .text               wkup.o
    0x08004014   0x000000f4   Code   RO          536    .text               delay.o
    0x08004108   0x0000035c   Code   RO          567    .text               usart.o
    0x08004464   0x00000040   Code   RO          603    .text               startup_stm32f10x_hd.o
    0x080044a4   0x000000dc   Code   RO          607    .text               misc.o
    0x08004580   0x0000035c   Code   RO          619    .text               stm32f10x_gpio.o
    0x080048dc   0x000003a4   Code   RO          631    .text               stm32f10x_rcc.o
    0x08004c80   0x00000408   Code   RO          645    .text               stm32f10x_usart.o
    0x08005088   0x000005bc   Code   RO          657    .text               stm32f10x_flash.o
    0x08005644   0x00000e1a   Code   RO          669    .text               stm32f10x_tim.o
    0x0800645e   0x00000002   PAD
    0x08006460   0x00000148   Code   RO          681    .text               stm32f10x_rtc.o
    0x080065a8   0x000000c4   Code   RO          693    .text               stm32f10x_bkp.o
    0x0800666c   0x000000cc   Code   RO          705    .text               stm32f10x_pwr.o
    0x08006738   0x0000011c   Code   RO          717    .text               stm32f10x_exti.o
    0x08006854   0x00000002   Code   RO          731    .text               c_w.l(use_no_semi_2.o)
    0x08006856   0x0000001e   Code   RO          733    .text               c_w.l(toupper.o)
    0x08006874   0x00000018   Code   RO          737    .text               c_w.l(noretval__2printf.o)
    0x0800688c   0x00000068   Code   RO          739    .text               c_w.l(__printf.o)
    0x080068f4   0x00000078   Code   RO          743    .text               c_w.l(_printf_dec.o)
    0x0800696c   0x00000064   Code   RO          792    .text               c_w.l(rt_memcpy_w.o)
    0x080069d0   0x00000006   Code   RO          794    .text               c_w.l(heapauxi.o)
    0x080069d6   0x00000002   Code   RO          798    .text               c_w.l(use_no_semi.o)
    0x080069d8   0x00000010   Code   RO          801    .text               c_w.l(rt_ctype_table.o)
    0x080069e8   0x000000b2   Code   RO          803    .text               c_w.l(_printf_intcommon.o)
    0x08006a9a   0x00000002   PAD
    0x08006a9c   0x00000024   Code   RO          807    .text               c_w.l(_printf_char_file.o)
    0x08006ac0   0x00000008   Code   RO          828    .text               c_w.l(rt_locale_intlibspace.o)
    0x08006ac8   0x00000030   Code   RO          830    .text               c_w.l(_printf_char_common.o)
    0x08006af8   0x00000008   Code   RO          832    .text               c_w.l(ferror.o)
    0x08006b00   0x00000008   Code   RO          839    .text               c_w.l(libspace.o)
    0x08006b08   0x0000004a   Code   RO          842    .text               c_w.l(sys_stackheap_outer.o)
    0x08006b52   0x0000000c   Code   RO          846    .text               c_w.l(exit.o)
    0x08006b5e   0x00000002   PAD
    0x08006b60   0x00000080   Code   RO          848    .text               c_w.l(strcmpv7m.o)
    0x08006be0   0x0000002c   Code   RO          837    locale$$code        c_w.l(lc_ctype_c.o)
    0x08006c0c   0x00001ec8   Data   RO          241    .constdata          oled.o
    0x08008ad4   0x00000018   Data   RO          459    .constdata          rtc.o
    0x08008aec   0x00000020   Data   RO          975    Region$$Table       anon$$obj.o
    0x08008b0c   0x00000110   Data   RO          836    locale$$data        c_w.l(lc_ctype_c.o)


    Execution Region RW_IRAM1 (Base: 0x20000000, Size: 0x00002368, Max: 0x00010000, ABSOLUTE, COMPRESSED[0x0000008c])

    Base Addr    Size         Type   Attr      Idx    E Section Name        Object

    0x20000000   0x0000003e   Data   RW            3    .data               main.o
    0x2000003e   0x00000002   PAD
    0x20000040   0x00000014   Data   RW          210    .data               system_stm32f10x.o
    0x20000054   0x0000001c   Data   RW          279    .data               break.o
    0x20000070   0x0000000f   Data   RW          323    .data               usart3.o
    0x2000007f   0x00000003   Data   RW          341    .data               key.o
    0x20000082   0x00000008   Data   RW          410    .data               time.o
    0x2000008a   0x0000008e   Data   RW          434    .data               l620.o
    0x20000118   0x00000002   Data   RW          460    .data               rtc.o
    0x2000011a   0x00000001   Data   RW          481    .data               uart4.o
    0x2000011b   0x00000001   PAD
    0x2000011c   0x00000004   Data   RW          537    .data               delay.o
    0x20000120   0x0000000a   Data   RW          569    .data               usart.o
    0x2000012a   0x00000014   Data   RW          632    .data               stm32f10x_rcc.o
    0x2000013e   0x00000002   PAD
    0x20000140   0x00000028   Zero   RW            2    .bss                main.o
    0x20000168   0x00000400   Zero   RW          240    .bss                oled.o
    0x20000568   0x00000800   Zero   RW          259    .bss                stmflash.o
    0x20000d68   0x0000001d   Zero   RW          278    .bss                break.o
    0x20000d85   0x00000514   Zero   RW          322    .bss                usart3.o
    0x20001299   0x00000640   Zero   RW          409    .bss                time.o
    0x200018d9   0x00000001   PAD
    0x200018da   0x0000000a   Zero   RW          458    .bss                rtc.o
    0x200018e4   0x00000032   Zero   RW          480    .bss                uart4.o
    0x20001916   0x00000009   Zero   RW          499    .bss                id1016b.o
    0x2000191f   0x000003e8   Zero   RW          568    .bss                usart.o
    0x20001d07   0x00000001   PAD
    0x20001d08   0x00000060   Zero   RW          840    .bss                c_w.l(libspace.o)
    0x20001d68   0x00000200   Zero   RW          601    HEAP                startup_stm32f10x_hd.o
    0x20001f68   0x00000400   Zero   RW          600    STACK               startup_stm32f10x_hd.o


==============================================================================

Image component sizes


      Code (inc. data)   RO Data    RW Data    ZI Data      Debug   Object Name

      2340        372          0         28         29       5655   break.o
       244         18          0          4          0       1640   delay.o
      2168        590          0          0          9       7323   id1016b.o
       428         14          0          3          0       1812   key.o
      1748        158          0        142          0       5480   l620.o
       132          4          0          0          0        872   led.o
      1132        154          0         62         40     266540   main.o
       220         22          0          0          0       2205   misc.o
       708         12          0          0          0       2904   nfc.o
      2640         66       7880          0       1024      10288   oled.o
      1276         68         24          2         10       5517   rtc.o
        64         26        304          0       1536        936   startup_stm32f10x_hd.o
       196          8          0          0          0       3868   stm32f10x_bkp.o
       284         10          0          0          0       2639   stm32f10x_exti.o
      1468         34          0          0          0       8438   stm32f10x_flash.o
       860         38          0          0          0       6049   stm32f10x_gpio.o
        26          0          0          0          0       1382   stm32f10x_it.o
       204         14          0          0          0       2119   stm32f10x_pwr.o
       932         36          0         20          0       9424   stm32f10x_rcc.o
       328          4          0          0          0       2870   stm32f10x_rtc.o
      3610         88          0          0          0      22536   stm32f10x_tim.o
      1032         22          0          0          0       8776   stm32f10x_usart.o
       324          8          0          0       2048       3198   stmflash.o
         0          0          0          0          0         32   sys.o
       480         38          0         20          0       2343   system_stm32f10x.o
      1460        160          0          8       1600       4770   time.o
       344         16          0          1         50       2978   uart4.o
       860         38          0         10       1000       5926   usart.o
       404         24          0         15       1300       3743   usart3.o
       240          6          0          0          0       1422   wkup.o

    ----------------------------------------------------------------------
     26156       2048       8240        320       8648     403685   Object Totals
         0          0         32          0          0          0   (incl. Generated)
         4          0          0          5          2          0   (incl. Padding)

    ----------------------------------------------------------------------

      Code (inc. data)   RO Data    RW Data    ZI Data      Debug   Library Member Name

        90          0          0          0          0          0   __dczerorl2.o
         8          0          0          0          0         68   __main.o
       104          0          0          0          0         84   __printf.o
         0          0          0          0          0          0   __rtentry.o
        12          0          0          0          0          0   __rtentry2.o
         6          0          0          0          0          0   __rtentry4.o
        52          8          0          0          0          0   __scatter.o
        28          0          0          0          0          0   __scatter_zi.o
        48          6          0          0          0         96   _printf_char_common.o
        36          4          0          0          0         80   _printf_char_file.o
         6          0          0          0          0          0   _printf_d.o
       120         16          0          0          0         92   _printf_dec.o
       178          0          0          0          0         88   _printf_intcommon.o
         0          0          0          0          0          0   _printf_percent.o
         4          0          0          0          0          0   _printf_percent_end.o
        12          0          0          0          0         72   exit.o
         8          0          0          0          0         68   ferror.o
         6          0          0          0          0        152   heapauxi.o
        44         10        272          0          0         76   lc_ctype_c.o
         2          0          0          0          0          0   libinit.o
        20          0          0          0          0          0   libinit2.o
         2          0          0          0          0          0   libshutdown.o
         2          0          0          0          0          0   libshutdown2.o
         8          4          0          0         96         68   libspace.o
        24          4          0          0          0         84   noretval__2printf.o
        16          4          0          0          0         76   rt_ctype_table.o
         8          4          0          0          0         68   rt_locale_intlibspace.o
       100          0          0          0          0         80   rt_memcpy_w.o
         2          0          0          0          0          0   rtexit.o
        10          0          0          0          0          0   rtexit2.o
       128          0          0          0          0         68   strcmpv7m.o
        74          0          0          0          0         80   sys_stackheap_outer.o
        30          0          0          0          0         76   toupper.o
         2          0          0          0          0         68   use_no_semi.o
         2          0          0          0          0         68   use_no_semi_2.o

    ----------------------------------------------------------------------
      1200         60        272          0         96       1612   Library Totals
         8          0          0          0          0          0   (incl. Padding)

    ----------------------------------------------------------------------

      Code (inc. data)   RO Data    RW Data    ZI Data      Debug   Library Name

      1192         60        272          0         96       1612   c_w.l

    ----------------------------------------------------------------------
      1200         60        272          0         96       1612   Library Totals

    ----------------------------------------------------------------------

==============================================================================


      Code (inc. data)   RO Data    RW Data    ZI Data      Debug   

     27356       2108       8512        320       8744     401757   Grand Totals
     27356       2108       8512        140       8744     401757   ELF Image Totals (compressed)
     27356       2108       8512        140          0          0   ROM Totals

==============================================================================

    Total RO  Size (Code + RO Data)                35868 (  35.03kB)
    Total RW  Size (RW Data + ZI Data)              9064 (   8.85kB)
    Total ROM Size (Code + RO Data + RW Data)      36008 (  35.16kB)

==============================================================================

